Archive member included to satisfy reference by file (symbol)

h:/stm32cubeide_1.8.0/stm32cubeide/plugins/com.st.stm32cube.ide.mcu.externaltools.gnu-tools-for-stm32.9-2020-q2-update.win32_2.0.0.202105311346/tools/bin/../lib/gcc/arm-none-eabi/9.3.1/../../../../arm-none-eabi/lib/thumb/v7e-m+dp/hard\libc_nano.a(lib_a-errno.o)
                              ./Core/Src/syscalls.o (__errno)
h:/stm32cubeide_1.8.0/stm32cubeide/plugins/com.st.stm32cube.ide.mcu.externaltools.gnu-tools-for-stm32.9-2020-q2-update.win32_2.0.0.202105311346/tools/bin/../lib/gcc/arm-none-eabi/9.3.1/../../../../arm-none-eabi/lib/thumb/v7e-m+dp/hard\libc_nano.a(lib_a-exit.o)
                              h:/stm32cubeide_1.8.0/stm32cubeide/plugins/com.st.stm32cube.ide.mcu.externaltools.gnu-tools-for-stm32.9-2020-q2-update.win32_2.0.0.202105311346/tools/bin/../lib/gcc/arm-none-eabi/9.3.1/../../../../arm-none-eabi/lib/thumb/v7e-m+dp/hard/crt0.o (exit)
h:/stm32cubeide_1.8.0/stm32cubeide/plugins/com.st.stm32cube.ide.mcu.externaltools.gnu-tools-for-stm32.9-2020-q2-update.win32_2.0.0.202105311346/tools/bin/../lib/gcc/arm-none-eabi/9.3.1/../../../../arm-none-eabi/lib/thumb/v7e-m+dp/hard\libc_nano.a(lib_a-impure.o)
                              h:/stm32cubeide_1.8.0/stm32cubeide/plugins/com.st.stm32cube.ide.mcu.externaltools.gnu-tools-for-stm32.9-2020-q2-update.win32_2.0.0.202105311346/tools/bin/../lib/gcc/arm-none-eabi/9.3.1/../../../../arm-none-eabi/lib/thumb/v7e-m+dp/hard\libc_nano.a(lib_a-exit.o) (_global_impure_ptr)
h:/stm32cubeide_1.8.0/stm32cubeide/plugins/com.st.stm32cube.ide.mcu.externaltools.gnu-tools-for-stm32.9-2020-q2-update.win32_2.0.0.202105311346/tools/bin/../lib/gcc/arm-none-eabi/9.3.1/../../../../arm-none-eabi/lib/thumb/v7e-m+dp/hard\libc_nano.a(lib_a-init.o)
                              h:/stm32cubeide_1.8.0/stm32cubeide/plugins/com.st.stm32cube.ide.mcu.externaltools.gnu-tools-for-stm32.9-2020-q2-update.win32_2.0.0.202105311346/tools/bin/../lib/gcc/arm-none-eabi/9.3.1/../../../../arm-none-eabi/lib/thumb/v7e-m+dp/hard/crt0.o (__libc_init_array)
h:/stm32cubeide_1.8.0/stm32cubeide/plugins/com.st.stm32cube.ide.mcu.externaltools.gnu-tools-for-stm32.9-2020-q2-update.win32_2.0.0.202105311346/tools/bin/../lib/gcc/arm-none-eabi/9.3.1/../../../../arm-none-eabi/lib/thumb/v7e-m+dp/hard\libc_nano.a(lib_a-memcpy-stub.o)
                              ./Drivers/STM32H7xx_HAL_Driver/Src/stm32h7xx_hal_fdcan.o (memcpy)
h:/stm32cubeide_1.8.0/stm32cubeide/plugins/com.st.stm32cube.ide.mcu.externaltools.gnu-tools-for-stm32.9-2020-q2-update.win32_2.0.0.202105311346/tools/bin/../lib/gcc/arm-none-eabi/9.3.1/../../../../arm-none-eabi/lib/thumb/v7e-m+dp/hard\libc_nano.a(lib_a-memset.o)
                              h:/stm32cubeide_1.8.0/stm32cubeide/plugins/com.st.stm32cube.ide.mcu.externaltools.gnu-tools-for-stm32.9-2020-q2-update.win32_2.0.0.202105311346/tools/bin/../lib/gcc/arm-none-eabi/9.3.1/../../../../arm-none-eabi/lib/thumb/v7e-m+dp/hard/crt0.o (memset)
h:/stm32cubeide_1.8.0/stm32cubeide/plugins/com.st.stm32cube.ide.mcu.externaltools.gnu-tools-for-stm32.9-2020-q2-update.win32_2.0.0.202105311346/tools/bin/../lib/gcc/arm-none-eabi/9.3.1/thumb/v7e-m+dp/hard\libgcc.a(_aeabi_uldivmod.o)
                              ./Drivers/STM32H7xx_HAL_Driver/Src/stm32h7xx_hal_uart.o (__aeabi_uldivmod)
h:/stm32cubeide_1.8.0/stm32cubeide/plugins/com.st.stm32cube.ide.mcu.externaltools.gnu-tools-for-stm32.9-2020-q2-update.win32_2.0.0.202105311346/tools/bin/../lib/gcc/arm-none-eabi/9.3.1/thumb/v7e-m+dp/hard\libgcc.a(_udivmoddi4.o)
                              h:/stm32cubeide_1.8.0/stm32cubeide/plugins/com.st.stm32cube.ide.mcu.externaltools.gnu-tools-for-stm32.9-2020-q2-update.win32_2.0.0.202105311346/tools/bin/../lib/gcc/arm-none-eabi/9.3.1/thumb/v7e-m+dp/hard\libgcc.a(_aeabi_uldivmod.o) (__udivmoddi4)
h:/stm32cubeide_1.8.0/stm32cubeide/plugins/com.st.stm32cube.ide.mcu.externaltools.gnu-tools-for-stm32.9-2020-q2-update.win32_2.0.0.202105311346/tools/bin/../lib/gcc/arm-none-eabi/9.3.1/thumb/v7e-m+dp/hard\libgcc.a(_dvmd_tls.o)
                              h:/stm32cubeide_1.8.0/stm32cubeide/plugins/com.st.stm32cube.ide.mcu.externaltools.gnu-tools-for-stm32.9-2020-q2-update.win32_2.0.0.202105311346/tools/bin/../lib/gcc/arm-none-eabi/9.3.1/thumb/v7e-m+dp/hard\libgcc.a(_aeabi_uldivmod.o) (__aeabi_ldiv0)

Allocating common symbols
Common symbol       size              file

hi2c4               0x4c              ./Core/Src/main.o
htim4               0x4c              ./Core/Src/main.o
hdac1               0x14              ./Core/Src/main.o
huart3              0x90              ./Core/Src/main.o
hadc2               0x70              ./Core/Src/main.o
hospi1              0x60              ./Core/Src/main.o
hsd1                0x7c              ./Core/Src/main.o
uwTick              0x4               ./Drivers/STM32H7xx_HAL_Driver/Src/stm32h7xx_hal.o
pFlash              0x1c              ./Drivers/STM32H7xx_HAL_Driver/Src/stm32h7xx_hal_flash.o
[...]
Memory Configuration

Name             Origin             Length             Attributes
ITCMRAM          0x0000000000000000 0x0000000000010000 xrw
DTCMRAM          0x0000000020000000 0x0000000000020000 xrw
FLASH            0x0000000008000000 0x0000000000100000 xr
RAM_D1           0x0000000024000000 0x0000000000050000 xrw
RAM_D2           0x0000000030000000 0x0000000000008000 xrw
RAM_D3           0x0000000038000000 0x0000000000004000 xrw
*default*        0x0000000000000000 0xffffffffffffffff

Linker script and memory map

LOAD h:/stm32cubeide_1.8.0/stm32cubeide/plugins/com.st.stm32cube.ide.mcu.externaltools.gnu-tools-for-stm32.9-2020-q2-update.win32_2.0.0.202105311346/tools/bin/../lib/gcc/arm-none-eabi/9.3.1/thumb/v7e-m+dp/hard/crti.o
LOAD h:/stm32cubeide_1.8.0/stm32cubeide/plugins/com.st.stm32cube.ide.mcu.externaltools.gnu-tools-for-stm32.9-2020-q2-update.win32_2.0.0.202105311346/tools/bin/../lib/gcc/arm-none-eabi/9.3.1/thumb/v7e-m+dp/hard/crtbegin.o
LOAD h:/stm32cubeide_1.8.0/stm32cubeide/plugins/com.st.stm32cube.ide.mcu.externaltools.gnu-tools-for-stm32.9-2020-q2-update.win32_2.0.0.202105311346/tools/bin/../lib/gcc/arm-none-eabi/9.3.1/../../../../arm-none-eabi/lib/thumb/v7e-m+dp/hard/crt0.o
LOAD ./Core/Src/main.o
LOAD ./Core/Src/stm32h7xx_hal_msp.o
LOAD ./Core/Src/stm32h7xx_it.o
LOAD ./Core/Src/syscalls.o
LOAD ./Core/Src/sysmem.o
LOAD ./Core/Src/system_stm32h7xx.o
LOAD ./Core/Startup/startup_stm32h735igkx.o
LOAD ./Drivers/STM32H7xx_HAL_Driver/Src/stm32h7xx_hal.o
LOAD ./Drivers/STM32H7xx_HAL_Driver/Src/stm32h7xx_hal_adc.o
LOAD ./Drivers/STM32H7xx_HAL_Driver/Src/stm32h7xx_hal_adc_ex.o
LOAD ./Drivers/STM32H7xx_HAL_Driver/Src/stm32h7xx_hal_cortex.o
LOAD ./Drivers/STM32H7xx_HAL_Driver/Src/stm32h7xx_hal_dac.o
LOAD ./Drivers/STM32H7xx_HAL_Driver/Src/stm32h7xx_hal_dac_ex.o
LOAD ./Drivers/STM32H7xx_HAL_Driver/Src/stm32h7xx_hal_dma.o
LOAD ./Drivers/STM32H7xx_HAL_Driver/Src/stm32h7xx_hal_dma_ex.o
LOAD ./Drivers/STM32H7xx_HAL_Driver/Src/stm32h7xx_hal_eth.o
LOAD ./Drivers/STM32H7xx_HAL_Driver/Src/stm32h7xx_hal_eth_ex.o
LOAD ./Drivers/STM32H7xx_HAL_Driver/Src/stm32h7xx_hal_exti.o
LOAD ./Drivers/STM32H7xx_HAL_Driver/Src/stm32h7xx_hal_fdcan.o
LOAD ./Drivers/STM32H7xx_HAL_Driver/Src/stm32h7xx_hal_flash.o
LOAD ./Drivers/STM32H7xx_HAL_Driver/Src/stm32h7xx_hal_flash_ex.o
LOAD ./Drivers/STM32H7xx_HAL_Driver/Src/stm32h7xx_hal_gpio.o
LOAD ./Drivers/STM32H7xx_HAL_Driver/Src/stm32h7xx_hal_hsem.o
LOAD ./Drivers/STM32H7xx_HAL_Driver/Src/stm32h7xx_hal_i2c.o
LOAD ./Drivers/STM32H7xx_HAL_Driver/Src/stm32h7xx_hal_i2c_ex.o
LOAD ./Drivers/STM32H7xx_HAL_Driver/Src/stm32h7xx_hal_ltdc.o
LOAD ./Drivers/STM32H7xx_HAL_Driver/Src/stm32h7xx_hal_ltdc_ex.o
LOAD ./Drivers/STM32H7xx_HAL_Driver/Src/stm32h7xx_hal_mdma.o
LOAD ./Drivers/STM32H7xx_HAL_Driver/Src/stm32h7xx_hal_ospi.o
LOAD ./Drivers/STM32H7xx_HAL_Driver/Src/stm32h7xx_hal_pwr.o
LOAD ./Drivers/STM32H7xx_HAL_Driver/Src/stm32h7xx_hal_pwr_ex.o
LOAD ./Drivers/STM32H7xx_HAL_Driver/Src/stm32h7xx_hal_rcc.o
LOAD ./Drivers/STM32H7xx_HAL_Driver/Src/stm32h7xx_hal_rcc_ex.o
LOAD ./Drivers/STM32H7xx_HAL_Driver/Src/stm32h7xx_hal_sai.o
LOAD ./Drivers/STM32H7xx_HAL_Driver/Src/stm32h7xx_hal_sai_ex.o
LOAD ./Drivers/STM32H7xx_HAL_Driver/Src/stm32h7xx_hal_sd.o
LOAD ./Drivers/STM32H7xx_HAL_Driver/Src/stm32h7xx_hal_sd_ex.o
LOAD ./Drivers/STM32H7xx_HAL_Driver/Src/stm32h7xx_hal_tim.o
LOAD ./Drivers/STM32H7xx_HAL_Driver/Src/stm32h7xx_hal_tim_ex.o
LOAD ./Drivers/STM32H7xx_HAL_Driver/Src/stm32h7xx_hal_uart.o
LOAD ./Drivers/STM32H7xx_HAL_Driver/Src/stm32h7xx_hal_uart_ex.o
LOAD ./Drivers/STM32H7xx_HAL_Driver/Src/stm32h7xx_ll_delayblock.o
LOAD ./Drivers/STM32H7xx_HAL_Driver/Src/stm32h7xx_ll_sdmmc.o
START GROUP
LOAD h:/stm32cubeide_1.8.0/stm32cubeide/plugins/com.st.stm32cube.ide.mcu.externaltools.gnu-tools-for-stm32.9-2020-q2-update.win32_2.0.0.202105311346/tools/bin/../lib/gcc/arm-none-eabi/9.3.1/../../../../arm-none-eabi/lib/thumb/v7e-m+dp/hard\libc_nano.a
LOAD h:/stm32cubeide_1.8.0/stm32cubeide/plugins/com.st.stm32cube.ide.mcu.externaltools.gnu-tools-for-stm32.9-2020-q2-update.win32_2.0.0.202105311346/tools/bin/../lib/gcc/arm-none-eabi/9.3.1/../../../../arm-none-eabi/lib/thumb/v7e-m+dp/hard\libm.a
END GROUP
START GROUP
LOAD h:/stm32cubeide_1.8.0/stm32cubeide/plugins/com.st.stm32cube.ide.mcu.externaltools.gnu-tools-for-stm32.9-2020-q2-update.win32_2.0.0.202105311346/tools/bin/../lib/gcc/arm-none-eabi/9.3.1/thumb/v7e-m+dp/hard\libgcc.a
LOAD h:/stm32cubeide_1.8.0/stm32cubeide/plugins/com.st.stm32cube.ide.mcu.externaltools.gnu-tools-for-stm32.9-2020-q2-update.win32_2.0.0.202105311346/tools/bin/../lib/gcc/arm-none-eabi/9.3.1/../../../../arm-none-eabi/lib/thumb/v7e-m+dp/hard\libc_nano.a
END GROUP
START GROUP
LOAD h:/stm32cubeide_1.8.0/stm32cubeide/plugins/com.st.stm32cube.ide.mcu.externaltools.gnu-tools-for-stm32.9-2020-q2-update.win32_2.0.0.202105311346/tools/bin/../lib/gcc/arm-none-eabi/9.3.1/thumb/v7e-m+dp/hard\libgcc.a
LOAD h:/stm32cubeide_1.8.0/stm32cubeide/plugins/com.st.stm32cube.ide.mcu.externaltools.gnu-tools-for-stm32.9-2020-q2-update.win32_2.0.0.202105311346/tools/bin/../lib/gcc/arm-none-eabi/9.3.1/../../../../arm-none-eabi/lib/thumb/v7e-m+dp/hard\libc_nano.a
LOAD h:/stm32cubeide_1.8.0/stm32cubeide/plugins/com.st.stm32cube.ide.mcu.externaltools.gnu-tools-for-stm32.9-2020-q2-update.win32_2.0.0.202105311346/tools/bin/../lib/gcc/arm-none-eabi/9.3.1/../../../../arm-none-eabi/lib/thumb/v7e-m+dp/hard\libnosys.a
END GROUP
START GROUP
LOAD h:/stm32cubeide_1.8.0/stm32cubeide/plugins/com.st.stm32cube.ide.mcu.externaltools.gnu-tools-for-stm32.9-2020-q2-update.win32_2.0.0.202105311346/tools/bin/../lib/gcc/arm-none-eabi/9.3.1/thumb/v7e-m+dp/hard\libgcc.a
LOAD h:/stm32cubeide_1.8.0/stm32cubeide/plugins/com.st.stm32cube.ide.mcu.externaltools.gnu-tools-for-stm32.9-2020-q2-update.win32_2.0.0.202105311346/tools/bin/../lib/gcc/arm-none-eabi/9.3.1/../../../../arm-none-eabi/lib/thumb/v7e-m+dp/hard\libc_nano.a
LOAD h:/stm32cubeide_1.8.0/stm32cubeide/plugins/com.st.stm32cube.ide.mcu.externaltools.gnu-tools-for-stm32.9-2020-q2-update.win32_2.0.0.202105311346/tools/bin/../lib/gcc/arm-none-eabi/9.3.1/../../../../arm-none-eabi/lib/thumb/v7e-m+dp/hard\libnosys.a
END GROUP
LOAD h:/stm32cubeide_1.8.0/stm32cubeide/plugins/com.st.stm32cube.ide.mcu.externaltools.gnu-tools-for-stm32.9-2020-q2-update.win32_2.0.0.202105311346/tools/bin/../lib/gcc/arm-none-eabi/9.3.1/thumb/v7e-m+dp/hard/crtend.o
LOAD h:/stm32cubeide_1.8.0/stm32cubeide/plugins/com.st.stm32cube.ide.mcu.externaltools.gnu-tools-for-stm32.9-2020-q2-update.win32_2.0.0.202105311346/tools/bin/../lib/gcc/arm-none-eabi/9.3.1/thumb/v7e-m+dp/hard/crtn.o
                0x0000000024050000                _estack = (ORIGIN (RAM_D1) + LENGTH (RAM_D1))
                0x0000000000000200                _Min_Heap_Size = 0x200
                0x0000000000000400                _Min_Stack_Size = 0x400

.isr_vector     0x0000000008000000      0x2cc
                0x0000000008000000                . = ALIGN (0x4)
 *(.isr_vector)
 .isr_vector    0x0000000008000000      0x2cc ./Core/Startup/startup_stm32h735igkx.o
                0x0000000008000000                g_pfnVectors
                0x00000000080002cc                . = ALIGN (0x4)

.text           0x00000000080002cc     0xe078
                0x00000000080002cc                . = ALIGN (0x4)
 *(.text)
 .text          0x00000000080002cc       0x40 h:/stm32cubeide_1.8.0/stm32cubeide/plugins/com.st.stm32cube.ide.mcu.externaltools.gnu-tools-for-stm32.9-2020-q2-update.win32_2.0.0.202105311346/tools/bin/../lib/gcc/arm-none-eabi/9.3.1/thumb/v7e-m+dp/hard/crtbegin.o
 .text          0x000000000800030c       0x30 h:/stm32cubeide_1.8.0/stm32cubeide/plugins/com.st.stm32cube.ide.mcu.externaltools.gnu-tools-for-stm32.9-2020-q2-update.win32_2.0.0.202105311346/tools/bin/../lib/gcc/arm-none-eabi/9.3.1/thumb/v7e-m+dp/hard\libgcc.a(_aeabi_uldivmod.o)
                0x000000000800030c                __aeabi_uldivmod
 .text          0x000000000800033c      0x2c4 h:/stm32cubeide_1.8.0/stm32cubeide/plugins/com.st.stm32cube.ide.mcu.externaltools.gnu-tools-for-stm32.9-2020-q2-update.win32_2.0.0.202105311346/tools/bin/../lib/gcc/arm-none-eabi/9.3.1/thumb/v7e-m+dp/hard\libgcc.a(_udivmoddi4.o)
                0x000000000800033c                __udivmoddi4
 .text          0x0000000008000600        0x4 h:/stm32cubeide_1.8.0/stm32cubeide/plugins/com.st.stm32cube.ide.mcu.externaltools.gnu-tools-for-stm32.9-2020-q2-update.win32_2.0.0.202105311346/tools/bin/../lib/gcc/arm-none-eabi/9.3.1/thumb/v7e-m+dp/hard\libgcc.a(_dvmd_tls.o)
                0x0000000008000600                __aeabi_idiv0
                0x0000000008000600                __aeabi_ldiv0
 *(.text*)
 .text.main     0x0000000008000604       0x74 ./Core/Src/main.o
                0x0000000008000604                main
 .text.SystemClock_Config
                0x0000000008000678       0xf4 ./Core/Src/main.o
                0x0000000008000678                SystemClock_Config
 .text.PeriphCommonClock_Config
                0x000000000800076c       0x58 ./Core/Src/main.o
                0x000000000800076c                PeriphCommonClock_Config
 .text.MX_ADC1_Init
                0x00000000080007c4       0xf0 ./Core/Src/main.o
 .text.MX_ADC2_Init
                0x00000000080008b4       0xc4 ./Core/Src/main.o
 .text.MX_ADC3_Init
                0x0000000008000978       0xdc ./Core/Src/main.o
 .text.MX_DAC1_Init
                0x0000000008000a54       0x64 ./Core/Src/main.o
 .text.MX_ETH_Init
                0x0000000008000ab8       0x98 ./Core/Src/main.o
 .text.MX_FDCAN1_Init
                0x0000000008000b50       0xc8 ./Core/Src/main.o
 .text.MX_FDCAN2_Init
                0x0000000008000c18       0xc8 ./Core/Src/main.o
 .text.MX_I2C4_Init
                0x0000000008000ce0       0x80 ./Core/Src/main.o
 .text.MX_LTDC_Init
                0x0000000008000d60      0x164 ./Core/Src/main.o
 .text.MX_OCTOSPI1_Init
                0x0000000008000ec4       0xd0 ./Core/Src/main.o
 .text.MX_OCTOSPI2_Init
                0x0000000008000f94      0x10c ./Core/Src/main.o
 .text.MX_SAI1_Init
                0x00000000080010a0      0x17c ./Core/Src/main.o
 .text.MX_SDMMC1_SD_Init
                0x000000000800121c       0x48 ./Core/Src/main.o
 .text.MX_TIM1_Init
                0x0000000008001264      0x11c ./Core/Src/main.o
 .text.MX_TIM4_Init
                0x0000000008001380       0xe0 ./Core/Src/main.o
 .text.MX_TIM5_Init
                0x0000000008001460       0xb4 ./Core/Src/main.o
 .text.MX_USART1_UART_Init
                0x0000000008001514       0x98 ./Core/Src/main.o
 .text.MX_USART3_UART_Init
                0x00000000080015ac       0x98 ./Core/Src/main.o
 .text.MX_USB_OTG_HS_USB_Init
                0x0000000008001644        0xe ./Core/Src/main.o
 *fill*         0x0000000008001652        0x2 
 .text.MX_GPIO_Init
                0x0000000008001654      0x390 ./Core/Src/main.o
 .text.Error_Handler
                0x00000000080019e4        0xa ./Core/Src/main.o
                0x00000000080019e4                Error_Handler
 *fill*         0x00000000080019ee        0x2 
 .text.HAL_MspInit
                0x00000000080019f0       0x34 ./Core/Src/stm32h7xx_hal_msp.o
                0x00000000080019f0                HAL_MspInit
 .text.HAL_ADC_MspInit
                0x0000000008001a24      0x1ec ./Core/Src/stm32h7xx_hal_msp.o
                0x0000000008001a24                HAL_ADC_MspInit
 .text.HAL_DAC_MspInit
                0x0000000008001c10       0x8c ./Core/Src/stm32h7xx_hal_msp.o
                0x0000000008001c10                HAL_DAC_MspInit
 .text.HAL_ETH_MspInit
                0x0000000008001c9c      0x158 ./Core/Src/stm32h7xx_hal_msp.o
                0x0000000008001c9c                HAL_ETH_MspInit
 .text.HAL_FDCAN_MspInit
                0x0000000008001df4      0x194 ./Core/Src/stm32h7xx_hal_msp.o
                0x0000000008001df4                HAL_FDCAN_MspInit
 .text.HAL_I2C_MspInit
                0x0000000008001f88       0xcc ./Core/Src/stm32h7xx_hal_msp.o
                0x0000000008001f88                HAL_I2C_MspInit
 .text.HAL_LTDC_MspInit
                0x0000000008002054      0x310 ./Core/Src/stm32h7xx_hal_msp.o
                0x0000000008002054                HAL_LTDC_MspInit
 .text.HAL_OSPI_MspInit
                0x0000000008002364      0x3dc ./Core/Src/stm32h7xx_hal_msp.o
                0x0000000008002364                HAL_OSPI_MspInit
 .text.HAL_SD_MspInit
                0x0000000008002740      0x118 ./Core/Src/stm32h7xx_hal_msp.o
                0x0000000008002740                HAL_SD_MspInit
 .text.HAL_TIM_PWM_MspInit
                0x0000000008002858       0xa0 ./Core/Src/stm32h7xx_hal_msp.o
                0x0000000008002858                HAL_TIM_PWM_MspInit
 .text.HAL_TIM_MspPostInit
                0x00000000080028f8      0x160 ./Core/Src/stm32h7xx_hal_msp.o
                0x00000000080028f8                HAL_TIM_MspPostInit
 .text.HAL_UART_MspInit
                0x0000000008002a58      0x164 ./Core/Src/stm32h7xx_hal_msp.o
                0x0000000008002a58                HAL_UART_MspInit
 .text.HAL_SAI_MspInit
                0x0000000008002bbc      0x13c ./Core/Src/stm32h7xx_hal_msp.o
                0x0000000008002bbc                HAL_SAI_MspInit
 .text.NMI_Handler
                0x0000000008002cf8        0x6 ./Core/Src/stm32h7xx_it.o
                0x0000000008002cf8                NMI_Handler
 .text.HardFault_Handler
                0x0000000008002cfe        0x6 ./Core/Src/stm32h7xx_it.o
                0x0000000008002cfe                HardFault_Handler
 .text.MemManage_Handler
                0x0000000008002d04        0x6 ./Core/Src/stm32h7xx_it.o
                0x0000000008002d04                MemManage_Handler
 .text.BusFault_Handler
                0x0000000008002d0a        0x6 ./Core/Src/stm32h7xx_it.o
                0x0000000008002d0a                BusFault_Handler
 .text.UsageFault_Handler
                0x0000000008002d10        0x6 ./Core/Src/stm32h7xx_it.o
                0x0000000008002d10                UsageFault_Handler
 .text.SVC_Handler
                0x0000000008002d16        0xe ./Core/Src/stm32h7xx_it.o
                0x0000000008002d16                SVC_Handler
 .text.DebugMon_Handler
                0x0000000008002d24        0xe ./Core/Src/stm32h7xx_it.o
                0x0000000008002d24                DebugMon_Handler
 .text.PendSV_Handler
                0x0000000008002d32        0xe ./Core/Src/stm32h7xx_it.o
                0x0000000008002d32                PendSV_Handler
 .text.SysTick_Handler
                0x0000000008002d40        0xc ./Core/Src/stm32h7xx_it.o
                0x0000000008002d40                SysTick_Handler
 .text.SystemInit
                0x0000000008002d4c       0xf0 ./Core/Src/system_stm32h7xx.o
                0x0000000008002d4c                SystemInit
 .text.Reset_Handler
                0x0000000008002e3c       0x50 ./Core/Startup/startup_stm32h735igkx.o
                0x0000000008002e3c                Reset_Handler
 .text.Default_Handler
                0x0000000008002e8c        0x2 ./Core/Startup/startup_stm32h735igkx.o
                0x0000000008002e8c                RTC_Alarm_IRQHandler
                0x0000000008002e8c                HASH_RNG_IRQHandler
                0x0000000008002e8c                EXTI2_IRQHandler
                0x0000000008002e8c                TIM8_CC_IRQHandler
                0x0000000008002e8c                UART8_IRQHandler
                0x0000000008002e8c                SPI4_IRQHandler
                0x0000000008002e8c                FDCAN3_IT0_IRQHandler
                0x0000000008002e8c                TIM1_CC_IRQHandler
                0x0000000008002e8c                BDMA_Channel6_IRQHandler
                0x0000000008002e8c                DMA2_Stream5_IRQHandler
                0x0000000008002e8c                DMA1_Stream5_IRQHandler
                0x0000000008002e8c                CORDIC_IRQHandler
                0x0000000008002e8c                BDMA_Channel1_IRQHandler
                0x0000000008002e8c                TAMP_STAMP_IRQHandler
                0x0000000008002e8c                EXTI3_IRQHandler
                0x0000000008002e8c                LPTIM4_IRQHandler
                0x0000000008002e8c                TIM8_TRG_COM_TIM14_IRQHandler
                0x0000000008002e8c                LPTIM2_IRQHandler
                0x0000000008002e8c                DFSDM1_FLT1_IRQHandler
                0x0000000008002e8c                DMAMUX2_OVR_IRQHandler
                0x0000000008002e8c                TIM8_UP_TIM13_IRQHandler
                0x0000000008002e8c                I2C3_ER_IRQHandler
                0x0000000008002e8c                DFSDM1_FLT2_IRQHandler
                0x0000000008002e8c                I2C5_EV_IRQHandler
                0x0000000008002e8c                USART10_IRQHandler
                0x0000000008002e8c                MDMA_IRQHandler
                0x0000000008002e8c                LPTIM3_IRQHandler
                0x0000000008002e8c                HSEM1_IRQHandler
                0x0000000008002e8c                EXTI0_IRQHandler
                0x0000000008002e8c                I2C2_EV_IRQHandler
                0x0000000008002e8c                DMA1_Stream2_IRQHandler
                0x0000000008002e8c                FPU_IRQHandler
                0x0000000008002e8c                OTG_HS_WKUP_IRQHandler
                0x0000000008002e8c                FDCAN1_IT1_IRQHandler
                0x0000000008002e8c                LTDC_ER_IRQHandler
                0x0000000008002e8c                DMA2_Stream2_IRQHandler
                0x0000000008002e8c                SPI1_IRQHandler
                0x0000000008002e8c                OCTOSPI1_IRQHandler
                0x0000000008002e8c                TIM6_DAC_IRQHandler
                0x0000000008002e8c                DMA2_Stream3_IRQHandler
                0x0000000008002e8c                OCTOSPI2_IRQHandler
                0x0000000008002e8c                DFSDM1_FLT3_IRQHandler
                0x0000000008002e8c                TIM23_IRQHandler
                0x0000000008002e8c                USART6_IRQHandler
                0x0000000008002e8c                TIM17_IRQHandler
                0x0000000008002e8c                USART3_IRQHandler
                0x0000000008002e8c                BDMA_Channel7_IRQHandler
                0x0000000008002e8c                CRYP_IRQHandler
                0x0000000008002e8c                LPTIM5_IRQHandler
                0x0000000008002e8c                UART5_IRQHandler
                0x0000000008002e8c                ADC3_IRQHandler
                0x0000000008002e8c                DMA2_Stream0_IRQHandler
                0x0000000008002e8c                TIM4_IRQHandler
                0x0000000008002e8c                BDMA_Channel2_IRQHandler
                0x0000000008002e8c                I2C1_EV_IRQHandler
                0x0000000008002e8c                DMA1_Stream6_IRQHandler
                0x0000000008002e8c                DMAMUX1_OVR_IRQHandler
                0x0000000008002e8c                DMA1_Stream1_IRQHandler
                0x0000000008002e8c                TIM16_IRQHandler
                0x0000000008002e8c                UART4_IRQHandler
                0x0000000008002e8c                BDMA_Channel5_IRQHandler
                0x0000000008002e8c                TIM3_IRQHandler
                0x0000000008002e8c                RCC_IRQHandler
                0x0000000008002e8c                UART9_IRQHandler
                0x0000000008002e8c                TIM8_BRK_TIM12_IRQHandler
                0x0000000008002e8c                TIM1_TRG_COM_IRQHandler
                0x0000000008002e8c                Default_Handler
                0x0000000008002e8c                ECC_IRQHandler
                0x0000000008002e8c                FMAC_IRQHandler
                0x0000000008002e8c                CEC_IRQHandler
                0x0000000008002e8c                EXTI15_10_IRQHandler
                0x0000000008002e8c                BDMA_Channel0_IRQHandler
                0x0000000008002e8c                ADC_IRQHandler
                0x0000000008002e8c                I2C5_ER_IRQHandler
                0x0000000008002e8c                OTFDEC1_IRQHandler
                0x0000000008002e8c                DMA1_Stream7_IRQHandler
                0x0000000008002e8c                SPI5_IRQHandler
                0x0000000008002e8c                TIM7_IRQHandler
                0x0000000008002e8c                FDCAN3_IT1_IRQHandler
                0x0000000008002e8c                SDMMC1_IRQHandler
                0x0000000008002e8c                TIM5_IRQHandler
                0x0000000008002e8c                DMA2_Stream7_IRQHandler
                0x0000000008002e8c                TIM15_IRQHandler
                0x0000000008002e8c                PVD_AVD_IRQHandler
                0x0000000008002e8c                I2C3_EV_IRQHandler
                0x0000000008002e8c                EXTI9_5_IRQHandler
                0x0000000008002e8c                RTC_WKUP_IRQHandler
                0x0000000008002e8c                LTDC_IRQHandler
                0x0000000008002e8c                ETH_WKUP_IRQHandler
                0x0000000008002e8c                SPDIF_RX_IRQHandler
                0x0000000008002e8c                SPI2_IRQHandler
                0x0000000008002e8c                OTG_HS_EP1_IN_IRQHandler
                0x0000000008002e8c                DMA1_Stream0_IRQHandler
                0x0000000008002e8c                OTFDEC2_IRQHandler
                0x0000000008002e8c                TIM24_IRQHandler
                0x0000000008002e8c                CRS_IRQHandler
                0x0000000008002e8c                EXTI4_IRQHandler
                0x0000000008002e8c                FDCAN2_IT1_IRQHandler
                0x0000000008002e8c                ETH_IRQHandler
                0x0000000008002e8c                TIM1_UP_IRQHandler
                0x0000000008002e8c                BDMA_Channel4_IRQHandler
                0x0000000008002e8c                OTG_HS_EP1_OUT_IRQHandler
                0x0000000008002e8c                WWDG_IRQHandler
                0x0000000008002e8c                SPI6_IRQHandler
                0x0000000008002e8c                MDIOS_IRQHandler
                0x0000000008002e8c                I2C4_EV_IRQHandler
                0x0000000008002e8c                FDCAN2_IT0_IRQHandler
                0x0000000008002e8c                LPUART1_IRQHandler
                0x0000000008002e8c                FDCAN1_IT0_IRQHandler
                0x0000000008002e8c                TIM2_IRQHandler
                0x0000000008002e8c                OTG_HS_IRQHandler
                0x0000000008002e8c                DMA2D_IRQHandler
                0x0000000008002e8c                TIM1_BRK_IRQHandler
                0x0000000008002e8c                EXTI1_IRQHandler
                0x0000000008002e8c                SDMMC2_IRQHandler
                0x0000000008002e8c                BDMA_Channel3_IRQHandler
                0x0000000008002e8c                DTS_IRQHandler
                0x0000000008002e8c                UART7_IRQHandler
                0x0000000008002e8c                MDIOS_WKUP_IRQHandler
                0x0000000008002e8c                USART2_IRQHandler
                0x0000000008002e8c                DFSDM1_FLT0_IRQHandler
                0x0000000008002e8c                SAI4_IRQHandler
                0x0000000008002e8c                I2C2_ER_IRQHandler
                0x0000000008002e8c                DMA2_Stream1_IRQHandler
                0x0000000008002e8c                FLASH_IRQHandler
                0x0000000008002e8c                DMA2_Stream4_IRQHandler
                0x0000000008002e8c                USART1_IRQHandler
                0x0000000008002e8c                SPI3_IRQHandler
                0x0000000008002e8c                WAKEUP_PIN_IRQHandler
                0x0000000008002e8c                DMA1_Stream4_IRQHandler
                0x0000000008002e8c                I2C1_ER_IRQHandler
                0x0000000008002e8c                FMC_IRQHandler
                0x0000000008002e8c                FDCAN_CAL_IRQHandler
                0x0000000008002e8c                SWPMI1_IRQHandler
                0x0000000008002e8c                COMP1_IRQHandler
                0x0000000008002e8c                LPTIM1_IRQHandler
                0x0000000008002e8c                DCMI_PSSI_IRQHandler
                0x0000000008002e8c                I2C4_ER_IRQHandler
                0x0000000008002e8c                DMA2_Stream6_IRQHandler
                0x0000000008002e8c                SAI1_IRQHandler
                0x0000000008002e8c                DMA1_Stream3_IRQHandler
 *fill*         0x0000000008002e8e        0x2 
 .text.HAL_Init
                0x0000000008002e90       0x78 ./Drivers/STM32H7xx_HAL_Driver/Src/stm32h7xx_hal.o
                0x0000000008002e90                HAL_Init
 .text.HAL_InitTick
                0x0000000008002f08       0x6c ./Drivers/STM32H7xx_HAL_Driver/Src/stm32h7xx_hal.o
                0x0000000008002f08                HAL_InitTick
 .text.HAL_IncTick
                0x0000000008002f74       0x28 ./Drivers/STM32H7xx_HAL_Driver/Src/stm32h7xx_hal.o
                0x0000000008002f74                HAL_IncTick
 .text.HAL_GetTick
                0x0000000008002f9c       0x18 ./Drivers/STM32H7xx_HAL_Driver/Src/stm32h7xx_hal.o
                0x0000000008002f9c                HAL_GetTick
 .text.HAL_Delay
                0x0000000008002fb4       0x48 ./Drivers/STM32H7xx_HAL_Driver/Src/stm32h7xx_hal.o
                0x0000000008002fb4                HAL_Delay
 .text.HAL_SYSCFG_ETHInterfaceSelect
                0x0000000008002ffc       0x28 ./Drivers/STM32H7xx_HAL_Driver/Src/stm32h7xx_hal.o
                0x0000000008002ffc                HAL_SYSCFG_ETHInterfaceSelect
 .text.HAL_SYSCFG_AnalogSwitchConfig
                0x0000000008003024       0x2c ./Drivers/STM32H7xx_HAL_Driver/Src/stm32h7xx_hal.o
                0x0000000008003024                HAL_SYSCFG_AnalogSwitchConfig
 .text.LL_ADC_SetCommonClock
                0x0000000008003050       0x26 ./Drivers/STM32H7xx_HAL_Driver/Src/stm32h7xx_hal_adc.o
 .text.LL_ADC_SetCommonPathInternalCh
                0x0000000008003076       0x26 ./Drivers/STM32H7xx_HAL_Driver/Src/stm32h7xx_hal_adc.o
 .text.LL_ADC_GetCommonPathInternalCh
                0x000000000800309c       0x1c ./Drivers/STM32H7xx_HAL_Driver/Src/stm32h7xx_hal_adc.o
 .text.LL_ADC_SetOffset
                0x00000000080030b8       0x64 ./Drivers/STM32H7xx_HAL_Driver/Src/stm32h7xx_hal_adc.o
 .text.LL_ADC_GetOffsetChannel
                0x000000000800311c       0x2c ./Drivers/STM32H7xx_HAL_Driver/Src/stm32h7xx_hal_adc.o
 .text.LL_ADC_SetDataRightShift
                0x0000000008003148       0x32 ./Drivers/STM32H7xx_HAL_Driver/Src/stm32h7xx_hal_adc.o
 *fill*         0x000000000800317a        0x2 
 .text.LL_ADC_SetOffsetSignedSaturation
                0x000000000800317c       0x44 ./Drivers/STM32H7xx_HAL_Driver/Src/stm32h7xx_hal_adc.o
 .text.LL_ADC_SetOffsetSaturation
                0x00000000080031c0       0x44 ./Drivers/STM32H7xx_HAL_Driver/Src/stm32h7xx_hal_adc.o
 .text.LL_ADC_SetOffsetSign
                0x0000000008003204       0x44 ./Drivers/STM32H7xx_HAL_Driver/Src/stm32h7xx_hal_adc.o
 .text.LL_ADC_SetOffsetState
                0x0000000008003248       0x54 ./Drivers/STM32H7xx_HAL_Driver/Src/stm32h7xx_hal_adc.o
 .text.LL_ADC_REG_SetSequencerRanks
                0x000000000800329c       0x58 ./Drivers/STM32H7xx_HAL_Driver/Src/stm32h7xx_hal_adc.o
 .text.LL_ADC_SetChannelSamplingTime
                0x00000000080032f4       0x56 ./Drivers/STM32H7xx_HAL_Driver/Src/stm32h7xx_hal_adc.o
 *fill*         0x000000000800334a        0x2 
 .text.LL_ADC_SetChannelSingleDiff
                0x000000000800334c       0x80 ./Drivers/STM32H7xx_HAL_Driver/Src/stm32h7xx_hal_adc.o
 .text.LL_ADC_DisableDeepPowerDown
                0x00000000080033cc       0x24 ./Drivers/STM32H7xx_HAL_Driver/Src/stm32h7xx_hal_adc.o
 .text.LL_ADC_IsDeepPowerDownEnabled
                0x00000000080033f0       0x28 ./Drivers/STM32H7xx_HAL_Driver/Src/stm32h7xx_hal_adc.o
 .text.LL_ADC_EnableInternalRegulator
                0x0000000008003418       0x28 ./Drivers/STM32H7xx_HAL_Driver/Src/stm32h7xx_hal_adc.o
 .text.LL_ADC_IsInternalRegulatorEnabled
                0x0000000008003440       0x28 ./Drivers/STM32H7xx_HAL_Driver/Src/stm32h7xx_hal_adc.o
 .text.LL_ADC_IsEnabled
                0x0000000008003468       0x26 ./Drivers/STM32H7xx_HAL_Driver/Src/stm32h7xx_hal_adc.o
 .text.LL_ADC_REG_IsConversionOngoing
                0x000000000800348e       0x26 ./Drivers/STM32H7xx_HAL_Driver/Src/stm32h7xx_hal_adc.o
 .text.LL_ADC_INJ_IsConversionOngoing
                0x00000000080034b4       0x26 ./Drivers/STM32H7xx_HAL_Driver/Src/stm32h7xx_hal_adc.o
 *fill*         0x00000000080034da        0x2 
 .text.HAL_ADC_Init
                0x00000000080034dc      0x410 ./Drivers/STM32H7xx_HAL_Driver/Src/stm32h7xx_hal_adc.o
                0x00000000080034dc                HAL_ADC_Init
 .text.HAL_ADC_ConfigChannel
                0x00000000080038ec      0xa58 ./Drivers/STM32H7xx_HAL_Driver/Src/stm32h7xx_hal_adc.o
                0x00000000080038ec                HAL_ADC_ConfigChannel
 .text.ADC_ConfigureBoostMode
                0x0000000008004344      0x1d8 ./Drivers/STM32H7xx_HAL_Driver/Src/stm32h7xx_hal_adc.o
                0x0000000008004344                ADC_ConfigureBoostMode
 .text.LL_ADC_IsEnabled
                0x000000000800451c       0x26 ./Drivers/STM32H7xx_HAL_Driver/Src/stm32h7xx_hal_adc_ex.o
 .text.LL_ADC_REG_IsConversionOngoing
                0x0000000008004542       0x26 ./Drivers/STM32H7xx_HAL_Driver/Src/stm32h7xx_hal_adc_ex.o
 .text.HAL_ADCEx_MultiModeConfigChannel
                0x0000000008004568      0x1c4 ./Drivers/STM32H7xx_HAL_Driver/Src/stm32h7xx_hal_adc_ex.o
                0x0000000008004568                HAL_ADCEx_MultiModeConfigChannel
 .text.__NVIC_SetPriorityGrouping
                0x000000000800472c       0x48 ./Drivers/STM32H7xx_HAL_Driver/Src/stm32h7xx_hal_cortex.o
 .text.__NVIC_GetPriorityGrouping
                0x0000000008004774       0x1c ./Drivers/STM32H7xx_HAL_Driver/Src/stm32h7xx_hal_cortex.o
 .text.__NVIC_SetPriority
                0x0000000008004790       0x54 ./Drivers/STM32H7xx_HAL_Driver/Src/stm32h7xx_hal_cortex.o
 .text.NVIC_EncodePriority
                0x00000000080047e4       0x66 ./Drivers/STM32H7xx_HAL_Driver/Src/stm32h7xx_hal_cortex.o
 *fill*         0x000000000800484a        0x2 
 .text.SysTick_Config
                0x000000000800484c       0x44 ./Drivers/STM32H7xx_HAL_Driver/Src/stm32h7xx_hal_cortex.o
 .text.HAL_NVIC_SetPriorityGrouping
                0x0000000008004890       0x16 ./Drivers/STM32H7xx_HAL_Driver/Src/stm32h7xx_hal_cortex.o
                0x0000000008004890                HAL_NVIC_SetPriorityGrouping
 .text.HAL_NVIC_SetPriority
                0x00000000080048a6       0x34 ./Drivers/STM32H7xx_HAL_Driver/Src/stm32h7xx_hal_cortex.o
                0x00000000080048a6                HAL_NVIC_SetPriority
 .text.HAL_SYSTICK_Config
                0x00000000080048da       0x18 ./Drivers/STM32H7xx_HAL_Driver/Src/stm32h7xx_hal_cortex.o
                0x00000000080048da                HAL_SYSTICK_Config
 .text.HAL_DAC_Init
                0x00000000080048f2       0x44 ./Drivers/STM32H7xx_HAL_Driver/Src/stm32h7xx_hal_dac.o
                0x00000000080048f2                HAL_DAC_Init
 *fill*         0x0000000008004936        0x2 
 .text.HAL_DAC_ConfigChannel
                0x0000000008004938      0x260 ./Drivers/STM32H7xx_HAL_Driver/Src/stm32h7xx_hal_dac.o
                0x0000000008004938                HAL_DAC_ConfigChannel
 .text.HAL_ETH_Init
                0x0000000008004b98      0x1b4 ./Drivers/STM32H7xx_HAL_Driver/Src/stm32h7xx_hal_eth.o
                0x0000000008004b98                HAL_ETH_Init
 .text.ETH_SetMACConfig
                0x0000000008004d4c      0x238 ./Drivers/STM32H7xx_HAL_Driver/Src/stm32h7xx_hal_eth.o
 .text.ETH_SetDMAConfig
                0x0000000008004f84      0x10c ./Drivers/STM32H7xx_HAL_Driver/Src/stm32h7xx_hal_eth.o
 .text.ETH_MACDMAConfig
                0x0000000008005090      0x13a ./Drivers/STM32H7xx_HAL_Driver/Src/stm32h7xx_hal_eth.o
 *fill*         0x00000000080051ca        0x2 
 .text.ETH_MAC_MDIO_ClkConfig
                0x00000000080051cc       0xb0 ./Drivers/STM32H7xx_HAL_Driver/Src/stm32h7xx_hal_eth.o
 .text.ETH_DMATxDescListInit
                0x000000000800527c       0x8e ./Drivers/STM32H7xx_HAL_Driver/Src/stm32h7xx_hal_eth.o
 .text.ETH_DMARxDescListInit
                0x000000000800530a       0xba ./Drivers/STM32H7xx_HAL_Driver/Src/stm32h7xx_hal_eth.o
 .text.HAL_FDCAN_Init
                0x00000000080053c4      0x3c4 ./Drivers/STM32H7xx_HAL_Driver/Src/stm32h7xx_hal_fdcan.o
                0x00000000080053c4                HAL_FDCAN_Init
 .text.FDCAN_CalcultateRamBlockAddresses
                0x0000000008005788      0x30c ./Drivers/STM32H7xx_HAL_Driver/Src/stm32h7xx_hal_fdcan.o
 .text.HAL_GPIO_Init
                0x0000000008005a94      0x350 ./Drivers/STM32H7xx_HAL_Driver/Src/stm32h7xx_hal_gpio.o
                0x0000000008005a94                HAL_GPIO_Init
 .text.HAL_GPIO_WritePin
                0x0000000008005de4       0x32 ./Drivers/STM32H7xx_HAL_Driver/Src/stm32h7xx_hal_gpio.o
                0x0000000008005de4                HAL_GPIO_WritePin
 .text.HAL_GPIO_TogglePin
                0x0000000008005e16       0x34 ./Drivers/STM32H7xx_HAL_Driver/Src/stm32h7xx_hal_gpio.o
                0x0000000008005e16                HAL_GPIO_TogglePin
 *fill*         0x0000000008005e4a        0x2 
 .text.HAL_I2C_Init
                0x0000000008005e4c      0x120 ./Drivers/STM32H7xx_HAL_Driver/Src/stm32h7xx_hal_i2c.o
                0x0000000008005e4c                HAL_I2C_Init
 .text.HAL_I2CEx_ConfigAnalogFilter
                0x0000000008005f6c       0x96 ./Drivers/STM32H7xx_HAL_Driver/Src/stm32h7xx_hal_i2c_ex.o
                0x0000000008005f6c                HAL_I2CEx_ConfigAnalogFilter
 .text.HAL_I2CEx_ConfigDigitalFilter
                0x0000000008006002       0x98 ./Drivers/STM32H7xx_HAL_Driver/Src/stm32h7xx_hal_i2c_ex.o
                0x0000000008006002                HAL_I2CEx_ConfigDigitalFilter
 *fill*         0x000000000800609a        0x2 
 .text.HAL_LTDC_Init
                0x000000000800609c      0x1a0 ./Drivers/STM32H7xx_HAL_Driver/Src/stm32h7xx_hal_ltdc.o
                0x000000000800609c                HAL_LTDC_Init
 .text.HAL_LTDC_ConfigLayer
                0x000000000800623c       0x7c ./Drivers/STM32H7xx_HAL_Driver/Src/stm32h7xx_hal_ltdc.o
                0x000000000800623c                HAL_LTDC_ConfigLayer
 .text.LTDC_SetConfig
                0x00000000080062b8      0x334 ./Drivers/STM32H7xx_HAL_Driver/Src/stm32h7xx_hal_ltdc.o
 .text.HAL_OSPI_Init
                0x00000000080065ec      0x17c ./Drivers/STM32H7xx_HAL_Driver/Src/stm32h7xx_hal_ospi.o
                0x00000000080065ec                HAL_OSPI_Init
 .text.HAL_OSPI_HyperbusCfg
                0x0000000008006768       0x7e ./Drivers/STM32H7xx_HAL_Driver/Src/stm32h7xx_hal_ospi.o
                0x0000000008006768                HAL_OSPI_HyperbusCfg
 .text.HAL_OSPI_SetTimeout
                0x00000000080067e6       0x1e ./Drivers/STM32H7xx_HAL_Driver/Src/stm32h7xx_hal_ospi.o
                0x00000000080067e6                HAL_OSPI_SetTimeout
 .text.HAL_OSPIM_Config
                0x0000000008006804      0xa2c ./Drivers/STM32H7xx_HAL_Driver/Src/stm32h7xx_hal_ospi.o
                0x0000000008006804                HAL_OSPIM_Config
 .text.OSPI_WaitFlagStateUntilTimeout
                0x0000000008007230       0x6e ./Drivers/STM32H7xx_HAL_Driver/Src/stm32h7xx_hal_ospi.o
 *fill*         0x000000000800729e        0x2 
 .text.OSPIM_GetConfig
                0x00000000080072a0      0x174 ./Drivers/STM32H7xx_HAL_Driver/Src/stm32h7xx_hal_ospi.o
 .text.HAL_PWREx_ConfigSupply
                0x0000000008007414       0xb4 ./Drivers/STM32H7xx_HAL_Driver/Src/stm32h7xx_hal_pwr_ex.o
                0x0000000008007414                HAL_PWREx_ConfigSupply
 .text.HAL_RCC_OscConfig
                0x00000000080074c8      0x758 ./Drivers/STM32H7xx_HAL_Driver/Src/stm32h7xx_hal_rcc.o
                0x00000000080074c8                HAL_RCC_OscConfig
 .text.HAL_RCC_ClockConfig
                0x0000000008007c20      0x36c ./Drivers/STM32H7xx_HAL_Driver/Src/stm32h7xx_hal_rcc.o
                0x0000000008007c20                HAL_RCC_ClockConfig
 .text.HAL_RCC_GetSysClockFreq
                0x0000000008007f8c      0x2f4 ./Drivers/STM32H7xx_HAL_Driver/Src/stm32h7xx_hal_rcc.o
                0x0000000008007f8c                HAL_RCC_GetSysClockFreq
 .text.HAL_RCC_GetHCLKFreq
                0x0000000008008280       0x60 ./Drivers/STM32H7xx_HAL_Driver/Src/stm32h7xx_hal_rcc.o
                0x0000000008008280                HAL_RCC_GetHCLKFreq
 .text.HAL_RCC_GetPCLK1Freq
                0x00000000080082e0       0x2c ./Drivers/STM32H7xx_HAL_Driver/Src/stm32h7xx_hal_rcc.o
                0x00000000080082e0                HAL_RCC_GetPCLK1Freq
 .text.HAL_RCC_GetPCLK2Freq
                0x000000000800830c       0x2c ./Drivers/STM32H7xx_HAL_Driver/Src/stm32h7xx_hal_rcc.o
                0x000000000800830c                HAL_RCC_GetPCLK2Freq
 .text.HAL_RCCEx_PeriphCLKConfig
                0x0000000008008338      0xdf4 ./Drivers/STM32H7xx_HAL_Driver/Src/stm32h7xx_hal_rcc_ex.o
                0x0000000008008338                HAL_RCCEx_PeriphCLKConfig
 .text.HAL_RCCEx_GetPeriphCLKFreq
                0x000000000800912c      0x848 ./Drivers/STM32H7xx_HAL_Driver/Src/stm32h7xx_hal_rcc_ex.o
                0x000000000800912c                HAL_RCCEx_GetPeriphCLKFreq
 .text.HAL_RCCEx_GetD3PCLK1Freq
                0x0000000008009974       0x2c ./Drivers/STM32H7xx_HAL_Driver/Src/stm32h7xx_hal_rcc_ex.o
                0x0000000008009974                HAL_RCCEx_GetD3PCLK1Freq
 .text.HAL_RCCEx_GetPLL2ClockFreq
                0x00000000080099a0      0x2a8 ./Drivers/STM32H7xx_HAL_Driver/Src/stm32h7xx_hal_rcc_ex.o
                0x00000000080099a0                HAL_RCCEx_GetPLL2ClockFreq
 .text.HAL_RCCEx_GetPLL3ClockFreq
                0x0000000008009c48      0x2a8 ./Drivers/STM32H7xx_HAL_Driver/Src/stm32h7xx_hal_rcc_ex.o
                0x0000000008009c48                HAL_RCCEx_GetPLL3ClockFreq
 .text.HAL_RCCEx_GetPLL1ClockFreq
                0x0000000008009ef0      0x2a4 ./Drivers/STM32H7xx_HAL_Driver/Src/stm32h7xx_hal_rcc_ex.o
                0x0000000008009ef0                HAL_RCCEx_GetPLL1ClockFreq
 .text.RCCEx_PLL2_Config
                0x000000000800a194      0x164 ./Drivers/STM32H7xx_HAL_Driver/Src/stm32h7xx_hal_rcc_ex.o
 .text.RCCEx_PLL3_Config
                0x000000000800a2f8      0x164 ./Drivers/STM32H7xx_HAL_Driver/Src/stm32h7xx_hal_rcc_ex.o
 .text.HAL_SAI_Init
                0x000000000800a45c      0x428 ./Drivers/STM32H7xx_HAL_Driver/Src/stm32h7xx_hal_sai.o
                0x000000000800a45c                HAL_SAI_Init
 .text.SAI_Disable
                0x000000000800a884       0x74 ./Drivers/STM32H7xx_HAL_Driver/Src/stm32h7xx_hal_sai.o
 .text.HAL_SD_Init
                0x000000000800a8f8      0x106 ./Drivers/STM32H7xx_HAL_Driver/Src/stm32h7xx_hal_sd.o
                0x000000000800a8f8                HAL_SD_Init
 *fill*         0x000000000800a9fe        0x2 
 .text.HAL_SD_InitCard
                0x000000000800aa00      0x12c ./Drivers/STM32H7xx_HAL_Driver/Src/stm32h7xx_hal_sd.o
                0x000000000800aa00                HAL_SD_InitCard
 .text.HAL_SD_GetCardCSD
                0x000000000800ab2c      0x348 ./Drivers/STM32H7xx_HAL_Driver/Src/stm32h7xx_hal_sd.o
                0x000000000800ab2c                HAL_SD_GetCardCSD
 .text.HAL_SD_GetCardStatus
                0x000000000800ae74      0x17c ./Drivers/STM32H7xx_HAL_Driver/Src/stm32h7xx_hal_sd.o
                0x000000000800ae74                HAL_SD_GetCardStatus
 .text.HAL_SD_ConfigWideBusOperation
                0x000000000800aff0      0x224 ./Drivers/STM32H7xx_HAL_Driver/Src/stm32h7xx_hal_sd.o
                0x000000000800aff0                HAL_SD_ConfigWideBusOperation
 .text.HAL_SD_GetCardState
                0x000000000800b214       0x40 ./Drivers/STM32H7xx_HAL_Driver/Src/stm32h7xx_hal_sd.o
                0x000000000800b214                HAL_SD_GetCardState
 .text.SD_InitCard
                0x000000000800b254      0x19c ./Drivers/STM32H7xx_HAL_Driver/Src/stm32h7xx_hal_sd.o
 .text.SD_PowerON
                0x000000000800b3f0      0x11c ./Drivers/STM32H7xx_HAL_Driver/Src/stm32h7xx_hal_sd.o
 .text.SD_SendSDStatus
                0x000000000800b50c      0x1a0 ./Drivers/STM32H7xx_HAL_Driver/Src/stm32h7xx_hal_sd.o
 .text.SD_SendStatus
                0x000000000800b6ac       0x50 ./Drivers/STM32H7xx_HAL_Driver/Src/stm32h7xx_hal_sd.o
 .text.SD_WideBus_Enable
                0x000000000800b6fc       0x96 ./Drivers/STM32H7xx_HAL_Driver/Src/stm32h7xx_hal_sd.o
 .text.SD_WideBus_Disable
                0x000000000800b792       0x96 ./Drivers/STM32H7xx_HAL_Driver/Src/stm32h7xx_hal_sd.o
 .text.SD_FindSCR
                0x000000000800b828      0x1a0 ./Drivers/STM32H7xx_HAL_Driver/Src/stm32h7xx_hal_sd.o
 .text.HAL_TIM_PWM_Init
                0x000000000800b9c8       0xae ./Drivers/STM32H7xx_HAL_Driver/Src/stm32h7xx_hal_tim.o
                0x000000000800b9c8                HAL_TIM_PWM_Init
 *fill*         0x000000000800ba76        0x2 
 .text.HAL_TIM_PWM_ConfigChannel
                0x000000000800ba78      0x228 ./Drivers/STM32H7xx_HAL_Driver/Src/stm32h7xx_hal_tim.o
                0x000000000800ba78                HAL_TIM_PWM_ConfigChannel
 .text.TIM_Base_SetConfig
                0x000000000800bca0      0x14c ./Drivers/STM32H7xx_HAL_Driver/Src/stm32h7xx_hal_tim.o
                0x000000000800bca0                TIM_Base_SetConfig
 .text.TIM_OC1_SetConfig
                0x000000000800bdec      0x120 ./Drivers/STM32H7xx_HAL_Driver/Src/stm32h7xx_hal_tim.o
 .text.TIM_OC2_SetConfig
                0x000000000800bf0c      0x114 ./Drivers/STM32H7xx_HAL_Driver/Src/stm32h7xx_hal_tim.o
                0x000000000800bf0c                TIM_OC2_SetConfig
 .text.TIM_OC3_SetConfig
                0x000000000800c020      0x110 ./Drivers/STM32H7xx_HAL_Driver/Src/stm32h7xx_hal_tim.o
 .text.TIM_OC4_SetConfig
                0x000000000800c130       0xd4 ./Drivers/STM32H7xx_HAL_Driver/Src/stm32h7xx_hal_tim.o
 .text.TIM_OC5_SetConfig
                0x000000000800c204       0xc8 ./Drivers/STM32H7xx_HAL_Driver/Src/stm32h7xx_hal_tim.o
 .text.TIM_OC6_SetConfig
                0x000000000800c2cc       0xcc ./Drivers/STM32H7xx_HAL_Driver/Src/stm32h7xx_hal_tim.o
 .text.HAL_TIMEx_MasterConfigSynchronization
                0x000000000800c398      0x138 ./Drivers/STM32H7xx_HAL_Driver/Src/stm32h7xx_hal_tim_ex.o
                0x000000000800c398                HAL_TIMEx_MasterConfigSynchronization
 .text.HAL_TIMEx_ConfigBreakDeadTime
                0x000000000800c4d0      0x140 ./Drivers/STM32H7xx_HAL_Driver/Src/stm32h7xx_hal_tim_ex.o
                0x000000000800c4d0                HAL_TIMEx_ConfigBreakDeadTime
 .text.HAL_UART_Init
                0x000000000800c610       0xa0 ./Drivers/STM32H7xx_HAL_Driver/Src/stm32h7xx_hal_uart.o
                0x000000000800c610                HAL_UART_Init
 .text.UART_SetConfig
                0x000000000800c6b0      0xcbc ./Drivers/STM32H7xx_HAL_Driver/Src/stm32h7xx_hal_uart.o
                0x000000000800c6b0                UART_SetConfig
 .text.UART_AdvFeatureConfig
                0x000000000800d36c      0x144 ./Drivers/STM32H7xx_HAL_Driver/Src/stm32h7xx_hal_uart.o
                0x000000000800d36c                UART_AdvFeatureConfig
 .text.UART_CheckIdleState
                0x000000000800d4b0       0x96 ./Drivers/STM32H7xx_HAL_Driver/Src/stm32h7xx_hal_uart.o
                0x000000000800d4b0                UART_CheckIdleState
 .text.UART_WaitOnFlagUntilTimeout
                0x000000000800d546      0x190 ./Drivers/STM32H7xx_HAL_Driver/Src/stm32h7xx_hal_uart.o
                0x000000000800d546                UART_WaitOnFlagUntilTimeout
 .text.HAL_UARTEx_DisableFifoMode
                0x000000000800d6d6       0x72 ./Drivers/STM32H7xx_HAL_Driver/Src/stm32h7xx_hal_uart_ex.o
                0x000000000800d6d6                HAL_UARTEx_DisableFifoMode
 .text.HAL_UARTEx_SetTxFifoThreshold
                0x000000000800d748       0x7c ./Drivers/STM32H7xx_HAL_Driver/Src/stm32h7xx_hal_uart_ex.o
                0x000000000800d748                HAL_UARTEx_SetTxFifoThreshold
 .text.HAL_UARTEx_SetRxFifoThreshold
                0x000000000800d7c4       0x7c ./Drivers/STM32H7xx_HAL_Driver/Src/stm32h7xx_hal_uart_ex.o
                0x000000000800d7c4                HAL_UARTEx_SetRxFifoThreshold
 .text.UARTEx_SetNbDataToProcess
                0x000000000800d840       0x9c ./Drivers/STM32H7xx_HAL_Driver/Src/stm32h7xx_hal_uart_ex.o
 .text.SDMMC_Init
                0x000000000800d8dc       0x54 ./Drivers/STM32H7xx_HAL_Driver/Src/stm32h7xx_ll_sdmmc.o
                0x000000000800d8dc                SDMMC_Init
 .text.SDMMC_ReadFIFO
                0x000000000800d930       0x1a ./Drivers/STM32H7xx_HAL_Driver/Src/stm32h7xx_ll_sdmmc.o
                0x000000000800d930                SDMMC_ReadFIFO
 .text.SDMMC_PowerState_ON
                0x000000000800d94a       0x22 ./Drivers/STM32H7xx_HAL_Driver/Src/stm32h7xx_ll_sdmmc.o
                0x000000000800d94a                SDMMC_PowerState_ON
 .text.SDMMC_GetPowerState
                0x000000000800d96c       0x1c ./Drivers/STM32H7xx_HAL_Driver/Src/stm32h7xx_ll_sdmmc.o
                0x000000000800d96c                SDMMC_GetPowerState
 .text.SDMMC_SendCommand
                0x000000000800d988       0x54 ./Drivers/STM32H7xx_HAL_Driver/Src/stm32h7xx_ll_sdmmc.o
                0x000000000800d988                SDMMC_SendCommand
 .text.SDMMC_GetCommandResponse
                0x000000000800d9dc       0x1a ./Drivers/STM32H7xx_HAL_Driver/Src/stm32h7xx_ll_sdmmc.o
                0x000000000800d9dc                SDMMC_GetCommandResponse
 .text.SDMMC_GetResponse
                0x000000000800d9f6       0x26 ./Drivers/STM32H7xx_HAL_Driver/Src/stm32h7xx_ll_sdmmc.o
                0x000000000800d9f6                SDMMC_GetResponse
 .text.SDMMC_ConfigData
                0x000000000800da1c       0x58 ./Drivers/STM32H7xx_HAL_Driver/Src/stm32h7xx_ll_sdmmc.o
                0x000000000800da1c                SDMMC_ConfigData
 .text.SDMMC_CmdBlockLength
                0x000000000800da74       0x46 ./Drivers/STM32H7xx_HAL_Driver/Src/stm32h7xx_ll_sdmmc.o
                0x000000000800da74                SDMMC_CmdBlockLength
 .text.SDMMC_CmdSelDesel
                0x000000000800daba       0x46 ./Drivers/STM32H7xx_HAL_Driver/Src/stm32h7xx_ll_sdmmc.o
                0x000000000800daba                SDMMC_CmdSelDesel
 .text.SDMMC_CmdGoIdleState
                0x000000000800db00       0x3c ./Drivers/STM32H7xx_HAL_Driver/Src/stm32h7xx_ll_sdmmc.o
                0x000000000800db00                SDMMC_CmdGoIdleState
 .text.SDMMC_CmdOperCond
                0x000000000800db3c       0x40 ./Drivers/STM32H7xx_HAL_Driver/Src/stm32h7xx_ll_sdmmc.o
                0x000000000800db3c                SDMMC_CmdOperCond
 .text.SDMMC_CmdAppCommand
                0x000000000800db7c       0x46 ./Drivers/STM32H7xx_HAL_Driver/Src/stm32h7xx_ll_sdmmc.o
                0x000000000800db7c                SDMMC_CmdAppCommand
 .text.SDMMC_CmdAppOperCommand
                0x000000000800dbc2       0x40 ./Drivers/STM32H7xx_HAL_Driver/Src/stm32h7xx_ll_sdmmc.o
                0x000000000800dbc2                SDMMC_CmdAppOperCommand
 .text.SDMMC_CmdBusWidth
                0x000000000800dc02       0x46 ./Drivers/STM32H7xx_HAL_Driver/Src/stm32h7xx_ll_sdmmc.o
                0x000000000800dc02                SDMMC_CmdBusWidth
 .text.SDMMC_CmdSendSCR
                0x000000000800dc48       0x44 ./Drivers/STM32H7xx_HAL_Driver/Src/stm32h7xx_ll_sdmmc.o
                0x000000000800dc48                SDMMC_CmdSendSCR
 .text.SDMMC_CmdSendCID
                0x000000000800dc8c       0x3e ./Drivers/STM32H7xx_HAL_Driver/Src/stm32h7xx_ll_sdmmc.o
                0x000000000800dc8c                SDMMC_CmdSendCID
 .text.SDMMC_CmdSendCSD
                0x000000000800dcca       0x40 ./Drivers/STM32H7xx_HAL_Driver/Src/stm32h7xx_ll_sdmmc.o
                0x000000000800dcca                SDMMC_CmdSendCSD
 .text.SDMMC_CmdSetRelAdd
                0x000000000800dd0a       0x44 ./Drivers/STM32H7xx_HAL_Driver/Src/stm32h7xx_ll_sdmmc.o
                0x000000000800dd0a                SDMMC_CmdSetRelAdd
 .text.SDMMC_CmdSendStatus
                0x000000000800dd4e       0x46 ./Drivers/STM32H7xx_HAL_Driver/Src/stm32h7xx_ll_sdmmc.o
                0x000000000800dd4e                SDMMC_CmdSendStatus
 .text.SDMMC_CmdStatusRegister
                0x000000000800dd94       0x44 ./Drivers/STM32H7xx_HAL_Driver/Src/stm32h7xx_ll_sdmmc.o
                0x000000000800dd94                SDMMC_CmdStatusRegister
 .text.SDMMC_GetCmdResp1
                0x000000000800ddd8      0x1e4 ./Drivers/STM32H7xx_HAL_Driver/Src/stm32h7xx_ll_sdmmc.o
                0x000000000800ddd8                SDMMC_GetCmdResp1
 .text.SDMMC_GetCmdResp2
                0x000000000800dfbc       0x94 ./Drivers/STM32H7xx_HAL_Driver/Src/stm32h7xx_ll_sdmmc.o
                0x000000000800dfbc                SDMMC_GetCmdResp2
 .text.SDMMC_GetCmdResp3
                0x000000000800e050       0x80 ./Drivers/STM32H7xx_HAL_Driver/Src/stm32h7xx_ll_sdmmc.o
                0x000000000800e050                SDMMC_GetCmdResp3
 .text.SDMMC_GetCmdResp6
                0x000000000800e0d0       0xf0 ./Drivers/STM32H7xx_HAL_Driver/Src/stm32h7xx_ll_sdmmc.o
                0x000000000800e0d0                SDMMC_GetCmdResp6
 .text.SDMMC_GetCmdResp7
                0x000000000800e1c0       0x9c ./Drivers/STM32H7xx_HAL_Driver/Src/stm32h7xx_ll_sdmmc.o
                0x000000000800e1c0                SDMMC_GetCmdResp7
 .text.SDMMC_GetCmdError
                0x000000000800e25c       0x5c ./Drivers/STM32H7xx_HAL_Driver/Src/stm32h7xx_ll_sdmmc.o
 .text.__libc_init_array
                0x000000000800e2b8       0x48 h:/stm32cubeide_1.8.0/stm32cubeide/plugins/com.st.stm32cube.ide.mcu.externaltools.gnu-tools-for-stm32.9-2020-q2-update.win32_2.0.0.202105311346/tools/bin/../lib/gcc/arm-none-eabi/9.3.1/../../../../arm-none-eabi/lib/thumb/v7e-m+dp/hard\libc_nano.a(lib_a-init.o)
                0x000000000800e2b8                __libc_init_array
 .text.memcpy   0x000000000800e300       0x1c h:/stm32cubeide_1.8.0/stm32cubeide/plugins/com.st.stm32cube.ide.mcu.externaltools.gnu-tools-for-stm32.9-2020-q2-update.win32_2.0.0.202105311346/tools/bin/../lib/gcc/arm-none-eabi/9.3.1/../../../../arm-none-eabi/lib/thumb/v7e-m+dp/hard\libc_nano.a(lib_a-memcpy-stub.o)
                0x000000000800e300                memcpy
 .text.memset   0x000000000800e31c       0x10 h:/stm32cubeide_1.8.0/stm32cubeide/plugins/com.st.stm32cube.ide.mcu.externaltools.gnu-tools-for-stm32.9-2020-q2-update.win32_2.0.0.202105311346/tools/bin/../lib/gcc/arm-none-eabi/9.3.1/../../../../arm-none-eabi/lib/thumb/v7e-m+dp/hard\libc_nano.a(lib_a-memset.o)
                0x000000000800e31c                memset
 *(.glue_7)
 .glue_7        0x000000000800e32c        0x0 linker stubs
 *(.glue_7t)
 .glue_7t       0x000000000800e32c        0x0 linker stubs
 *(.eh_frame)
 .eh_frame      0x000000000800e32c        0x0 h:/stm32cubeide_1.8.0/stm32cubeide/plugins/com.st.stm32cube.ide.mcu.externaltools.gnu-tools-for-stm32.9-2020-q2-update.win32_2.0.0.202105311346/tools/bin/../lib/gcc/arm-none-eabi/9.3.1/thumb/v7e-m+dp/hard/crtbegin.o
 *(.init)
 .init          0x000000000800e32c        0x4 h:/stm32cubeide_1.8.0/stm32cubeide/plugins/com.st.stm32cube.ide.mcu.externaltools.gnu-tools-for-stm32.9-2020-q2-update.win32_2.0.0.202105311346/tools/bin/../lib/gcc/arm-none-eabi/9.3.1/thumb/v7e-m+dp/hard/crti.o
                0x000000000800e32c                _init
 .init          0x000000000800e330        0x8 h:/stm32cubeide_1.8.0/stm32cubeide/plugins/com.st.stm32cube.ide.mcu.externaltools.gnu-tools-for-stm32.9-2020-q2-update.win32_2.0.0.202105311346/tools/bin/../lib/gcc/arm-none-eabi/9.3.1/thumb/v7e-m+dp/hard/crtn.o
 *(.fini)
 .fini          0x000000000800e338        0x4 h:/stm32cubeide_1.8.0/stm32cubeide/plugins/com.st.stm32cube.ide.mcu.externaltools.gnu-tools-for-stm32.9-2020-q2-update.win32_2.0.0.202105311346/tools/bin/../lib/gcc/arm-none-eabi/9.3.1/thumb/v7e-m+dp/hard/crti.o
                0x000000000800e338                _fini
 .fini          0x000000000800e33c        0x8 h:/stm32cubeide_1.8.0/stm32cubeide/plugins/com.st.stm32cube.ide.mcu.externaltools.gnu-tools-for-stm32.9-2020-q2-update.win32_2.0.0.202105311346/tools/bin/../lib/gcc/arm-none-eabi/9.3.1/thumb/v7e-m+dp/hard/crtn.o
                0x000000000800e344                . = ALIGN (0x4)
                0x000000000800e344                _etext = .

.vfp11_veneer   0x000000000800e344        0x0
 .vfp11_veneer  0x000000000800e344        0x0 linker stubs

.v4_bx          0x000000000800e344        0x0
 .v4_bx         0x000000000800e344        0x0 linker stubs

.iplt           0x000000000800e344        0x0
 .iplt          0x000000000800e344        0x0 h:/stm32cubeide_1.8.0/stm32cubeide/plugins/com.st.stm32cube.ide.mcu.externaltools.gnu-tools-for-stm32.9-2020-q2-update.win32_2.0.0.202105311346/tools/bin/../lib/gcc/arm-none-eabi/9.3.1/thumb/v7e-m+dp/hard/crtbegin.o

.rodata         0x000000000800e344       0x84
                0x000000000800e344                . = ALIGN (0x4)
 *(.rodata)
 .rodata        0x000000000800e344       0x4c ./Drivers/STM32H7xx_HAL_Driver/Src/stm32h7xx_hal_fdcan.o
 *(.rodata*)
 .rodata.D1CorePrescTable
                0x000000000800e390       0x10 ./Core/Src/system_stm32h7xx.o
                0x000000000800e390                D1CorePrescTable
 .rodata.UARTPrescTable
                0x000000000800e3a0       0x18 ./Drivers/STM32H7xx_HAL_Driver/Src/stm32h7xx_hal_uart.o
                0x000000000800e3a0                UARTPrescTable
 .rodata.numerator.13864
                0x000000000800e3b8        0x8 ./Drivers/STM32H7xx_HAL_Driver/Src/stm32h7xx_hal_uart_ex.o
 .rodata.denominator.13865
                0x000000000800e3c0        0x8 ./Drivers/STM32H7xx_HAL_Driver/Src/stm32h7xx_hal_uart_ex.o
                0x000000000800e3c8                . = ALIGN (0x4)

.ARM.extab
 *(.ARM.extab* .gnu.linkonce.armextab.*)

.ARM            0x000000000800e3c8        0x8
                0x000000000800e3c8                __exidx_start = .
 *(.ARM.exidx*)
 .ARM.exidx     0x000000000800e3c8        0x8 h:/stm32cubeide_1.8.0/stm32cubeide/plugins/com.st.stm32cube.ide.mcu.externaltools.gnu-tools-for-stm32.9-2020-q2-update.win32_2.0.0.202105311346/tools/bin/../lib/gcc/arm-none-eabi/9.3.1/thumb/v7e-m+dp/hard\libgcc.a(_udivmoddi4.o)
                0x000000000800e3d0                __exidx_end = .

.rel.dyn        0x000000000800e3d0        0x0
 .rel.iplt      0x000000000800e3d0        0x0 h:/stm32cubeide_1.8.0/stm32cubeide/plugins/com.st.stm32cube.ide.mcu.externaltools.gnu-tools-for-stm32.9-2020-q2-update.win32_2.0.0.202105311346/tools/bin/../lib/gcc/arm-none-eabi/9.3.1/thumb/v7e-m+dp/hard/crtbegin.o

.preinit_array  0x000000000800e3d0        0x0
                0x000000000800e3d0                PROVIDE (__preinit_array_start = .)
 *(.preinit_array*)
                0x000000000800e3d0                PROVIDE (__preinit_array_end = .)

.init_array     0x000000000800e3d0        0x4
                0x000000000800e3d0                PROVIDE (__init_array_start = .)
 *(SORT_BY_NAME(.init_array.*))
 *(.init_array*)
 .init_array    0x000000000800e3d0        0x4 h:/stm32cubeide_1.8.0/stm32cubeide/plugins/com.st.stm32cube.ide.mcu.externaltools.gnu-tools-for-stm32.9-2020-q2-update.win32_2.0.0.202105311346/tools/bin/../lib/gcc/arm-none-eabi/9.3.1/thumb/v7e-m+dp/hard/crtbegin.o
                0x000000000800e3d4                PROVIDE (__init_array_end = .)

.fini_array     0x000000000800e3d4        0x4
                [!provide]                        PROVIDE (__fini_array_start = .)
 *(SORT_BY_NAME(.fini_array.*))
 *(.fini_array*)
 .fini_array    0x000000000800e3d4        0x4 h:/stm32cubeide_1.8.0/stm32cubeide/plugins/com.st.stm32cube.ide.mcu.externaltools.gnu-tools-for-stm32.9-2020-q2-update.win32_2.0.0.202105311346/tools/bin/../lib/gcc/arm-none-eabi/9.3.1/thumb/v7e-m+dp/hard/crtbegin.o
                [!provide]                        PROVIDE (__fini_array_end = .)
                0x000000000800e3d8                _sidata = LOADADDR (.data)

.data           0x0000000024000000       0x10 load address 0x000000000800e3d8
                0x0000000024000000                . = ALIGN (0x4)
                0x0000000024000000                _sdata = .
 *(.data)
 *(.data*)
 .data.SystemCoreClock
                0x0000000024000000        0x4 ./Core/Src/system_stm32h7xx.o
                0x0000000024000000                SystemCoreClock
 .data.SystemD2Clock
                0x0000000024000004        0x4 ./Core/Src/system_stm32h7xx.o
                0x0000000024000004                SystemD2Clock
 .data.uwTickPrio
                0x0000000024000008        0x4 ./Drivers/STM32H7xx_HAL_Driver/Src/stm32h7xx_hal.o
                0x0000000024000008                uwTickPrio
 .data.uwTickFreq
                0x000000002400000c        0x1 ./Drivers/STM32H7xx_HAL_Driver/Src/stm32h7xx_hal.o
                0x000000002400000c                uwTickFreq
 *(.RamFunc)
 *(.RamFunc*)
                0x0000000024000010                . = ALIGN (0x4)
 *fill*         0x000000002400000d        0x3 
                0x0000000024000010                _edata = .

.igot.plt       0x0000000024000010        0x0 load address 0x000000000800e3e8
 .igot.plt      0x0000000024000010        0x0 h:/stm32cubeide_1.8.0/stm32cubeide/plugins/com.st.stm32cube.ide.mcu.externaltools.gnu-tools-for-stm32.9-2020-q2-update.win32_2.0.0.202105311346/tools/bin/../lib/gcc/arm-none-eabi/9.3.1/thumb/v7e-m+dp/hard/crtbegin.o

.RxDecripSection
                0x0000000024000010       0x60 load address 0x000000000800e3e8
 .RxDecripSection
                0x0000000024000010       0x60 ./Core/Src/main.o
                0x0000000024000010                DMARxDscrTab

.TxDecripSection
                0x0000000024000070       0x60 load address 0x000000000800e448
 .TxDecripSection
                0x0000000024000070       0x60 ./Core/Src/main.o
                0x0000000024000070                DMATxDscrTab
                0x00000000240000d0                . = ALIGN (0x4)

.bss            0x00000000240000d0      0x8fc load address 0x000000000800e4a8
                0x00000000240000d0                _sbss = .
                0x00000000240000d0                __bss_start__ = _sbss
 *(.bss)
 .bss           0x00000000240000d0       0x1c h:/stm32cubeide_1.8.0/stm32cubeide/plugins/com.st.stm32cube.ide.mcu.externaltools.gnu-tools-for-stm32.9-2020-q2-update.win32_2.0.0.202105311346/tools/bin/../lib/gcc/arm-none-eabi/9.3.1/thumb/v7e-m+dp/hard/crtbegin.o
 *(.bss*)
 .bss.MACAddr.14071
                0x00000000240000ec        0x6 ./Core/Src/main.o
 *fill*         0x00000000240000f2        0x2 
 .bss.HAL_RCC_ADC12_CLK_ENABLED
                0x00000000240000f4        0x4 ./Core/Src/stm32h7xx_hal_msp.o
 .bss.HAL_RCC_FDCAN_CLK_ENABLED
                0x00000000240000f8        0x4 ./Core/Src/stm32h7xx_hal_msp.o
 .bss.HAL_RCC_OCTOSPIM_CLK_ENABLED
                0x00000000240000fc        0x4 ./Core/Src/stm32h7xx_hal_msp.o
 .bss.SAI1_client
                0x0000000024000100        0x4 ./Core/Src/stm32h7xx_hal_msp.o
 *(COMMON)
 COMMON         0x0000000024000104      0x8c4 ./Core/Src/main.o
                0x0000000024000104                hi2c4
                0x0000000024000150                htim4
                0x000000002400019c                hdac1
                0x00000000240001b0                huart3
                0x0000000024000240                hadc2
                0x00000000240002b0                hospi1
                0x0000000024000310                hsd1
                0x000000002400038c                htim5
                0x00000000240003d8                hltdc
                0x0000000024000480                hsai_BlockB1
                0x0000000024000518                hadc1
                0x0000000024000588                hadc3
                0x00000000240005f8                huart1
                0x0000000024000688                hfdcan1
                0x0000000024000728                htim1
                0x0000000024000774                hsai_BlockA1
                0x000000002400080c                heth
                0x0000000024000894                TxConfig
                0x00000000240008c8                hfdcan2
                0x0000000024000968                hospi2
 COMMON         0x00000000240009c8        0x4 ./Drivers/STM32H7xx_HAL_Driver/Src/stm32h7xx_hal.o
                0x00000000240009c8                uwTick
                0x00000000240009cc                . = ALIGN (0x4)
                0x00000000240009cc                _ebss = .
                0x00000000240009cc                __bss_end__ = _ebss

._user_heap_stack
                0x00000000240009cc      0x604 load address 0x000000000800e4a8
                0x00000000240009d0                . = ALIGN (0x8)
 *fill*         0x00000000240009cc        0x4 
                [!provide]                        PROVIDE (end = .)
                0x00000000240009d0                PROVIDE (_end = .)
                0x0000000024000bd0                . = (. + _Min_Heap_Size)
 *fill*         0x00000000240009d0      0x200 
                0x0000000024000fd0                . = (. + _Min_Stack_Size)
 *fill*         0x0000000024000bd0      0x400 
                0x0000000024000fd0                . = ALIGN (0x8)

/DISCARD/
 libc.a(*)
 libm.a(*)
 libgcc.a(*)

.ARM.attributes
                0x0000000000000000       0x2e
 *(.ARM.attributes)
 .ARM.attributes
                0x0000000000000000       0x1e h:/stm32cubeide_1.8.0/stm32cubeide/plugins/com.st.stm32cube.ide.mcu.externaltools.gnu-tools-for-stm32.9-2020-q2-update.win32_2.0.0.202105311346/tools/bin/../lib/gcc/arm-none-eabi/9.3.1/thumb/v7e-m+dp/hard/crti.o
 .ARM.attributes
                0x000000000000001e       0x32 h:/stm32cubeide_1.8.0/stm32cubeide/plugins/com.st.stm32cube.ide.mcu.externaltools.gnu-tools-for-stm32.9-2020-q2-update.win32_2.0.0.202105311346/tools/bin/../lib/gcc/arm-none-eabi/9.3.1/thumb/v7e-m+dp/hard/crtbegin.o
 .ARM.attributes
                0x0000000000000050       0x32 ./Core/Src/main.o
 .ARM.attributes
                0x0000000000000082       0x32 ./Core/Src/stm32h7xx_hal_msp.o
 .ARM.attributes
                0x00000000000000b4       0x32 ./Core/Src/stm32h7xx_it.o
 .ARM.attributes
                0x00000000000000e6       0x32 ./Core/Src/system_stm32h7xx.o
 .ARM.attributes
                0x0000000000000118       0x21 ./Core/Startup/startup_stm32h735igkx.o
 .ARM.attributes
                0x0000000000000139       0x32 ./Drivers/STM32H7xx_HAL_Driver/Src/stm32h7xx_hal.o
 .ARM.attributes
                0x000000000000016b       0x32 ./Drivers/STM32H7xx_HAL_Driver/Src/stm32h7xx_hal_adc.o
 .ARM.attributes
                0x000000000000019d       0x32 ./Drivers/STM32H7xx_HAL_Driver/Src/stm32h7xx_hal_adc_ex.o
 .ARM.attributes
                0x00000000000001cf       0x32 ./Drivers/STM32H7xx_HAL_Driver/Src/stm32h7xx_hal_cortex.o
 .ARM.attributes
                0x0000000000000201       0x32 ./Drivers/STM32H7xx_HAL_Driver/Src/stm32h7xx_hal_dac.o
 .ARM.attributes
                0x0000000000000233       0x32 ./Drivers/STM32H7xx_HAL_Driver/Src/stm32h7xx_hal_eth.o
 .ARM.attributes
                0x0000000000000265       0x32 ./Drivers/STM32H7xx_HAL_Driver/Src/stm32h7xx_hal_fdcan.o
 .ARM.attributes
                0x0000000000000297       0x32 ./Drivers/STM32H7xx_HAL_Driver/Src/stm32h7xx_hal_gpio.o
 .ARM.attributes
                0x00000000000002c9       0x32 ./Drivers/STM32H7xx_HAL_Driver/Src/stm32h7xx_hal_i2c.o
 .ARM.attributes
                0x00000000000002fb       0x32 ./Drivers/STM32H7xx_HAL_Driver/Src/stm32h7xx_hal_i2c_ex.o
 .ARM.attributes
                0x000000000000032d       0x32 ./Drivers/STM32H7xx_HAL_Driver/Src/stm32h7xx_hal_ltdc.o
 .ARM.attributes
                0x000000000000035f       0x32 ./Drivers/STM32H7xx_HAL_Driver/Src/stm32h7xx_hal_ospi.o
 .ARM.attributes
                0x0000000000000391       0x32 ./Drivers/STM32H7xx_HAL_Driver/Src/stm32h7xx_hal_pwr_ex.o
 .ARM.attributes
                0x00000000000003c3       0x32 ./Drivers/STM32H7xx_HAL_Driver/Src/stm32h7xx_hal_rcc.o
 .ARM.attributes
                0x00000000000003f5       0x32 ./Drivers/STM32H7xx_HAL_Driver/Src/stm32h7xx_hal_rcc_ex.o
 .ARM.attributes
                0x0000000000000427       0x32 ./Drivers/STM32H7xx_HAL_Driver/Src/stm32h7xx_hal_sai.o
 .ARM.attributes
                0x0000000000000459       0x32 ./Drivers/STM32H7xx_HAL_Driver/Src/stm32h7xx_hal_sd.o
 .ARM.attributes
                0x000000000000048b       0x32 ./Drivers/STM32H7xx_HAL_Driver/Src/stm32h7xx_hal_tim.o
 .ARM.attributes
                0x00000000000004bd       0x32 ./Drivers/STM32H7xx_HAL_Driver/Src/stm32h7xx_hal_tim_ex.o
 .ARM.attributes
                0x00000000000004ef       0x32 ./Drivers/STM32H7xx_HAL_Driver/Src/stm32h7xx_hal_uart.o
 .ARM.attributes
                0x0000000000000521       0x32 ./Drivers/STM32H7xx_HAL_Driver/Src/stm32h7xx_hal_uart_ex.o
 .ARM.attributes
                0x0000000000000553       0x32 ./Drivers/STM32H7xx_HAL_Driver/Src/stm32h7xx_ll_sdmmc.o
 .ARM.attributes
                0x0000000000000585       0x32 h:/stm32cubeide_1.8.0/stm32cubeide/plugins/com.st.stm32cube.ide.mcu.externaltools.gnu-tools-for-stm32.9-2020-q2-update.win32_2.0.0.202105311346/tools/bin/../lib/gcc/arm-none-eabi/9.3.1/../../../../arm-none-eabi/lib/thumb/v7e-m+dp/hard\libc_nano.a(lib_a-init.o)
 .ARM.attributes
                0x00000000000005b7       0x32 h:/stm32cubeide_1.8.0/stm32cubeide/plugins/com.st.stm32cube.ide.mcu.externaltools.gnu-tools-for-stm32.9-2020-q2-update.win32_2.0.0.202105311346/tools/bin/../lib/gcc/arm-none-eabi/9.3.1/../../../../arm-none-eabi/lib/thumb/v7e-m+dp/hard\libc_nano.a(lib_a-memcpy-stub.o)
 .ARM.attributes
                0x00000000000005e9       0x32 h:/stm32cubeide_1.8.0/stm32cubeide/plugins/com.st.stm32cube.ide.mcu.externaltools.gnu-tools-for-stm32.9-2020-q2-update.win32_2.0.0.202105311346/tools/bin/../lib/gcc/arm-none-eabi/9.3.1/../../../../arm-none-eabi/lib/thumb/v7e-m+dp/hard\libc_nano.a(lib_a-memset.o)
 .ARM.attributes
                0x000000000000061b       0x1e h:/stm32cubeide_1.8.0/stm32cubeide/plugins/com.st.stm32cube.ide.mcu.externaltools.gnu-tools-for-stm32.9-2020-q2-update.win32_2.0.0.202105311346/tools/bin/../lib/gcc/arm-none-eabi/9.3.1/thumb/v7e-m+dp/hard\libgcc.a(_aeabi_uldivmod.o)
 .ARM.attributes
                0x0000000000000639       0x32 h:/stm32cubeide_1.8.0/stm32cubeide/plugins/com.st.stm32cube.ide.mcu.externaltools.gnu-tools-for-stm32.9-2020-q2-update.win32_2.0.0.202105311346/tools/bin/../lib/gcc/arm-none-eabi/9.3.1/thumb/v7e-m+dp/hard\libgcc.a(_udivmoddi4.o)
 .ARM.attributes
                0x000000000000066b       0x1e h:/stm32cubeide_1.8.0/stm32cubeide/plugins/com.st.stm32cube.ide.mcu.externaltools.gnu-tools-for-stm32.9-2020-q2-update.win32_2.0.0.202105311346/tools/bin/../lib/gcc/arm-none-eabi/9.3.1/thumb/v7e-m+dp/hard\libgcc.a(_dvmd_tls.o)
 .ARM.attributes
                0x0000000000000689       0x1e h:/stm32cubeide_1.8.0/stm32cubeide/plugins/com.st.stm32cube.ide.mcu.externaltools.gnu-tools-for-stm32.9-2020-q2-update.win32_2.0.0.202105311346/tools/bin/../lib/gcc/arm-none-eabi/9.3.1/thumb/v7e-m+dp/hard/crtn.o
OUTPUT(STM32H7.elf elf32-littlearm)
LOAD linker stubs
LOAD h:/stm32cubeide_1.8.0/stm32cubeide/plugins/com.st.stm32cube.ide.mcu.externaltools.gnu-tools-for-stm32.9-2020-q2-update.win32_2.0.0.202105311346/tools/bin/../lib/gcc/arm-none-eabi/9.3.1/../../../../arm-none-eabi/lib/thumb/v7e-m+dp/hard\libc.a
LOAD h:/stm32cubeide_1.8.0/stm32cubeide/plugins/com.st.stm32cube.ide.mcu.externaltools.gnu-tools-for-stm32.9-2020-q2-update.win32_2.0.0.202105311346/tools/bin/../lib/gcc/arm-none-eabi/9.3.1/../../../../arm-none-eabi/lib/thumb/v7e-m+dp/hard\libm.a
LOAD h:/stm32cubeide_1.8.0/stm32cubeide/plugins/com.st.stm32cube.ide.mcu.externaltools.gnu-tools-for-stm32.9-2020-q2-update.win32_2.0.0.202105311346/tools/bin/../lib/gcc/arm-none-eabi/9.3.1/thumb/v7e-m+dp/hard\libgcc.a

.debug_info     0x0000000000000000    0x40ab9
 .debug_info    0x0000000000000000     0x5c43 ./Core/Src/main.o
 .debug_info    0x0000000000005c43     0x5a68 ./Core/Src/stm32h7xx_hal_msp.o
 .debug_info    0x000000000000b6ab      0xc21 ./Core/Src/stm32h7xx_it.o
 .debug_info    0x000000000000c2cc     0x15c5 ./Core/Src/system_stm32h7xx.o
 .debug_info    0x000000000000d891       0x22 ./Core/Startup/startup_stm32h735igkx.o
 .debug_info    0x000000000000d8b3     0x211e ./Drivers/STM32H7xx_HAL_Driver/Src/stm32h7xx_hal.o
 .debug_info    0x000000000000f9d1     0x2f19 ./Drivers/STM32H7xx_HAL_Driver/Src/stm32h7xx_hal_adc.o
 .debug_info    0x00000000000128ea     0x2efc ./Drivers/STM32H7xx_HAL_Driver/Src/stm32h7xx_hal_adc_ex.o
 .debug_info    0x00000000000157e6     0x1c19 ./Drivers/STM32H7xx_HAL_Driver/Src/stm32h7xx_hal_cortex.o
 .debug_info    0x00000000000173ff     0x162f ./Drivers/STM32H7xx_HAL_Driver/Src/stm32h7xx_hal_dac.o
 .debug_info    0x0000000000018a2e     0x3293 ./Drivers/STM32H7xx_HAL_Driver/Src/stm32h7xx_hal_eth.o
 .debug_info    0x000000000001bcc1     0x37a7 ./Drivers/STM32H7xx_HAL_Driver/Src/stm32h7xx_hal_fdcan.o
 .debug_info    0x000000000001f468     0x17f5 ./Drivers/STM32H7xx_HAL_Driver/Src/stm32h7xx_hal_gpio.o
 .debug_info    0x0000000000020c5d     0x2db8 ./Drivers/STM32H7xx_HAL_Driver/Src/stm32h7xx_hal_i2c.o
 .debug_info    0x0000000000023a15     0x18c5 ./Drivers/STM32H7xx_HAL_Driver/Src/stm32h7xx_hal_i2c_ex.o
 .debug_info    0x00000000000252da     0x1bdd ./Drivers/STM32H7xx_HAL_Driver/Src/stm32h7xx_hal_ltdc.o
 .debug_info    0x0000000000026eb7     0x24cb ./Drivers/STM32H7xx_HAL_Driver/Src/stm32h7xx_hal_ospi.o
 .debug_info    0x0000000000029382     0x1919 ./Drivers/STM32H7xx_HAL_Driver/Src/stm32h7xx_hal_pwr_ex.o
 .debug_info    0x000000000002ac9b     0x185e ./Drivers/STM32H7xx_HAL_Driver/Src/stm32h7xx_hal_rcc.o
 .debug_info    0x000000000002c4f9     0x1ce5 ./Drivers/STM32H7xx_HAL_Driver/Src/stm32h7xx_hal_rcc_ex.o
 .debug_info    0x000000000002e1de     0x1e83 ./Drivers/STM32H7xx_HAL_Driver/Src/stm32h7xx_hal_sai.o
 .debug_info    0x0000000000030061     0x2279 ./Drivers/STM32H7xx_HAL_Driver/Src/stm32h7xx_hal_sd.o
 .debug_info    0x00000000000322da     0x37ca ./Drivers/STM32H7xx_HAL_Driver/Src/stm32h7xx_hal_tim.o
 .debug_info    0x0000000000035aa4     0x2333 ./Drivers/STM32H7xx_HAL_Driver/Src/stm32h7xx_hal_tim_ex.o
 .debug_info    0x0000000000037dd7     0x558a ./Drivers/STM32H7xx_HAL_Driver/Src/stm32h7xx_hal_uart.o
 .debug_info    0x000000000003d361     0x19a9 ./Drivers/STM32H7xx_HAL_Driver/Src/stm32h7xx_hal_uart_ex.o
 .debug_info    0x000000000003ed0a     0x1daf ./Drivers/STM32H7xx_HAL_Driver/Src/stm32h7xx_ll_sdmmc.o

.debug_abbrev   0x0000000000000000     0x4ec9
 .debug_abbrev  0x0000000000000000      0x33c ./Core/Src/main.o
 .debug_abbrev  0x000000000000033c      0x2e5 ./Core/Src/stm32h7xx_hal_msp.o
 .debug_abbrev  0x0000000000000621      0x1ef ./Core/Src/stm32h7xx_it.o
 .debug_abbrev  0x0000000000000810      0x251 ./Core/Src/system_stm32h7xx.o
 .debug_abbrev  0x0000000000000a61       0x12 ./Core/Startup/startup_stm32h735igkx.o
 .debug_abbrev  0x0000000000000a73      0x324 ./Drivers/STM32H7xx_HAL_Driver/Src/stm32h7xx_hal.o
 .debug_abbrev  0x0000000000000d97      0x34f ./Drivers/STM32H7xx_HAL_Driver/Src/stm32h7xx_hal_adc.o
 .debug_abbrev  0x00000000000010e6      0x38a ./Drivers/STM32H7xx_HAL_Driver/Src/stm32h7xx_hal_adc_ex.o
 .debug_abbrev  0x0000000000001470      0x409 ./Drivers/STM32H7xx_HAL_Driver/Src/stm32h7xx_hal_cortex.o
 .debug_abbrev  0x0000000000001879      0x28d ./Drivers/STM32H7xx_HAL_Driver/Src/stm32h7xx_hal_dac.o
 .debug_abbrev  0x0000000000001b06      0x328 ./Drivers/STM32H7xx_HAL_Driver/Src/stm32h7xx_hal_eth.o
 .debug_abbrev  0x0000000000001e2e      0x343 ./Drivers/STM32H7xx_HAL_Driver/Src/stm32h7xx_hal_fdcan.o
 .debug_abbrev  0x0000000000002171      0x2cb ./Drivers/STM32H7xx_HAL_Driver/Src/stm32h7xx_hal_gpio.o
 .debug_abbrev  0x000000000000243c      0x2e6 ./Drivers/STM32H7xx_HAL_Driver/Src/stm32h7xx_hal_i2c.o
 .debug_abbrev  0x0000000000002722      0x29e ./Drivers/STM32H7xx_HAL_Driver/Src/stm32h7xx_hal_i2c_ex.o
 .debug_abbrev  0x00000000000029c0      0x2eb ./Drivers/STM32H7xx_HAL_Driver/Src/stm32h7xx_hal_ltdc.o
 .debug_abbrev  0x0000000000002cab      0x344 ./Drivers/STM32H7xx_HAL_Driver/Src/stm32h7xx_hal_ospi.o
 .debug_abbrev  0x0000000000002fef      0x33f ./Drivers/STM32H7xx_HAL_Driver/Src/stm32h7xx_hal_pwr_ex.o
 .debug_abbrev  0x000000000000332e      0x311 ./Drivers/STM32H7xx_HAL_Driver/Src/stm32h7xx_hal_rcc.o
 .debug_abbrev  0x000000000000363f      0x31d ./Drivers/STM32H7xx_HAL_Driver/Src/stm32h7xx_hal_rcc_ex.o
 .debug_abbrev  0x000000000000395c      0x2f8 ./Drivers/STM32H7xx_HAL_Driver/Src/stm32h7xx_hal_sai.o
 .debug_abbrev  0x0000000000003c54      0x2ee ./Drivers/STM32H7xx_HAL_Driver/Src/stm32h7xx_hal_sd.o
 .debug_abbrev  0x0000000000003f42      0x2f9 ./Drivers/STM32H7xx_HAL_Driver/Src/stm32h7xx_hal_tim.o
 .debug_abbrev  0x000000000000423b      0x301 ./Drivers/STM32H7xx_HAL_Driver/Src/stm32h7xx_hal_tim_ex.o
 .debug_abbrev  0x000000000000453c      0x37d ./Drivers/STM32H7xx_HAL_Driver/Src/stm32h7xx_hal_uart.o
 .debug_abbrev  0x00000000000048b9      0x33d ./Drivers/STM32H7xx_HAL_Driver/Src/stm32h7xx_hal_uart_ex.o
 .debug_abbrev  0x0000000000004bf6      0x2d3 ./Drivers/STM32H7xx_HAL_Driver/Src/stm32h7xx_ll_sdmmc.o

.debug_aranges  0x0000000000000000     0x24e0
 .debug_aranges
                0x0000000000000000       0xd8 ./Core/Src/main.o
 .debug_aranges
                0x00000000000000d8       0xd8 ./Core/Src/stm32h7xx_hal_msp.o
 .debug_aranges
                0x00000000000001b0       0x60 ./Core/Src/stm32h7xx_it.o
 .debug_aranges
                0x0000000000000210       0x28 ./Core/Src/system_stm32h7xx.o
 .debug_aranges
                0x0000000000000238       0x28 ./Core/Startup/startup_stm32h735igkx.o
 .debug_aranges
                0x0000000000000260      0x1c8 ./Drivers/STM32H7xx_HAL_Driver/Src/stm32h7xx_hal.o
 .debug_aranges
                0x0000000000000428      0x260 ./Drivers/STM32H7xx_HAL_Driver/Src/stm32h7xx_hal_adc.o
 .debug_aranges
                0x0000000000000688      0x1f0 ./Drivers/STM32H7xx_HAL_Driver/Src/stm32h7xx_hal_adc_ex.o
 .debug_aranges
                0x0000000000000878      0x120 ./Drivers/STM32H7xx_HAL_Driver/Src/stm32h7xx_hal_cortex.o
 .debug_aranges
                0x0000000000000998       0xc0 ./Drivers/STM32H7xx_HAL_Driver/Src/stm32h7xx_hal_dac.o
 .debug_aranges
                0x0000000000000a58      0x1b0 ./Drivers/STM32H7xx_HAL_Driver/Src/stm32h7xx_hal_eth.o
 .debug_aranges
                0x0000000000000c08      0x338 ./Drivers/STM32H7xx_HAL_Driver/Src/stm32h7xx_hal_fdcan.o
 .debug_aranges
                0x0000000000000f40       0x58 ./Drivers/STM32H7xx_HAL_Driver/Src/stm32h7xx_hal_gpio.o
 .debug_aranges
                0x0000000000000f98      0x290 ./Drivers/STM32H7xx_HAL_Driver/Src/stm32h7xx_hal_i2c.o
 .debug_aranges
                0x0000000000001228       0x48 ./Drivers/STM32H7xx_HAL_Driver/Src/stm32h7xx_hal_i2c_ex.o
 .debug_aranges
                0x0000000000001270      0x158 ./Drivers/STM32H7xx_HAL_Driver/Src/stm32h7xx_hal_ltdc.o
 .debug_aranges
                0x00000000000013c8      0x168 ./Drivers/STM32H7xx_HAL_Driver/Src/stm32h7xx_hal_ospi.o
 .debug_aranges
                0x0000000000001530      0x148 ./Drivers/STM32H7xx_HAL_Driver/Src/stm32h7xx_hal_pwr_ex.o
 .debug_aranges
                0x0000000000001678       0x88 ./Drivers/STM32H7xx_HAL_Driver/Src/stm32h7xx_hal_rcc.o
 .debug_aranges
                0x0000000000001700       0xf8 ./Drivers/STM32H7xx_HAL_Driver/Src/stm32h7xx_hal_rcc_ex.o
 .debug_aranges
                0x00000000000017f8      0x178 ./Drivers/STM32H7xx_HAL_Driver/Src/stm32h7xx_hal_sai.o
 .debug_aranges
                0x0000000000001970      0x170 ./Drivers/STM32H7xx_HAL_Driver/Src/stm32h7xx_hal_sd.o
 .debug_aranges
                0x0000000000001ae0      0x3e0 ./Drivers/STM32H7xx_HAL_Driver/Src/stm32h7xx_hal_tim.o
 .debug_aranges
                0x0000000000001ec0      0x198 ./Drivers/STM32H7xx_HAL_Driver/Src/stm32h7xx_hal_tim_ex.o
 .debug_aranges
                0x0000000000002058      0x248 ./Drivers/STM32H7xx_HAL_Driver/Src/stm32h7xx_hal_uart.o
 .debug_aranges
                0x00000000000022a0       0xa0 ./Drivers/STM32H7xx_HAL_Driver/Src/stm32h7xx_hal_uart_ex.o
 .debug_aranges
                0x0000000000002340      0x1a0 ./Drivers/STM32H7xx_HAL_Driver/Src/stm32h7xx_ll_sdmmc.o

.debug_ranges   0x0000000000000000     0x2380
 .debug_ranges  0x0000000000000000       0xc8 ./Core/Src/main.o
 .debug_ranges  0x00000000000000c8       0xc8 ./Core/Src/stm32h7xx_hal_msp.o
 .debug_ranges  0x0000000000000190       0x50 ./Core/Src/stm32h7xx_it.o
 .debug_ranges  0x00000000000001e0       0x18 ./Core/Src/system_stm32h7xx.o
 .debug_ranges  0x00000000000001f8       0x20 ./Core/Startup/startup_stm32h735igkx.o
 .debug_ranges  0x0000000000000218      0x1b8 ./Drivers/STM32H7xx_HAL_Driver/Src/stm32h7xx_hal.o
 .debug_ranges  0x00000000000003d0      0x250 ./Drivers/STM32H7xx_HAL_Driver/Src/stm32h7xx_hal_adc.o
 .debug_ranges  0x0000000000000620      0x1e0 ./Drivers/STM32H7xx_HAL_Driver/Src/stm32h7xx_hal_adc_ex.o
 .debug_ranges  0x0000000000000800      0x110 ./Drivers/STM32H7xx_HAL_Driver/Src/stm32h7xx_hal_cortex.o
 .debug_ranges  0x0000000000000910       0xb0 ./Drivers/STM32H7xx_HAL_Driver/Src/stm32h7xx_hal_dac.o
 .debug_ranges  0x00000000000009c0      0x1a0 ./Drivers/STM32H7xx_HAL_Driver/Src/stm32h7xx_hal_eth.o
 .debug_ranges  0x0000000000000b60      0x328 ./Drivers/STM32H7xx_HAL_Driver/Src/stm32h7xx_hal_fdcan.o
 .debug_ranges  0x0000000000000e88       0x48 ./Drivers/STM32H7xx_HAL_Driver/Src/stm32h7xx_hal_gpio.o
 .debug_ranges  0x0000000000000ed0      0x280 ./Drivers/STM32H7xx_HAL_Driver/Src/stm32h7xx_hal_i2c.o
 .debug_ranges  0x0000000000001150       0x38 ./Drivers/STM32H7xx_HAL_Driver/Src/stm32h7xx_hal_i2c_ex.o
 .debug_ranges  0x0000000000001188      0x148 ./Drivers/STM32H7xx_HAL_Driver/Src/stm32h7xx_hal_ltdc.o
 .debug_ranges  0x00000000000012d0      0x158 ./Drivers/STM32H7xx_HAL_Driver/Src/stm32h7xx_hal_ospi.o
 .debug_ranges  0x0000000000001428      0x138 ./Drivers/STM32H7xx_HAL_Driver/Src/stm32h7xx_hal_pwr_ex.o
 .debug_ranges  0x0000000000001560       0x78 ./Drivers/STM32H7xx_HAL_Driver/Src/stm32h7xx_hal_rcc.o
 .debug_ranges  0x00000000000015d8       0xe8 ./Drivers/STM32H7xx_HAL_Driver/Src/stm32h7xx_hal_rcc_ex.o
 .debug_ranges  0x00000000000016c0      0x180 ./Drivers/STM32H7xx_HAL_Driver/Src/stm32h7xx_hal_sai.o
 .debug_ranges  0x0000000000001840      0x160 ./Drivers/STM32H7xx_HAL_Driver/Src/stm32h7xx_hal_sd.o
 .debug_ranges  0x00000000000019a0      0x3d0 ./Drivers/STM32H7xx_HAL_Driver/Src/stm32h7xx_hal_tim.o
 .debug_ranges  0x0000000000001d70      0x188 ./Drivers/STM32H7xx_HAL_Driver/Src/stm32h7xx_hal_tim_ex.o
 .debug_ranges  0x0000000000001ef8      0x268 ./Drivers/STM32H7xx_HAL_Driver/Src/stm32h7xx_hal_uart.o
 .debug_ranges  0x0000000000002160       0x90 ./Drivers/STM32H7xx_HAL_Driver/Src/stm32h7xx_hal_uart_ex.o
 .debug_ranges  0x00000000000021f0      0x190 ./Drivers/STM32H7xx_HAL_Driver/Src/stm32h7xx_ll_sdmmc.o

.debug_macro    0x0000000000000000    0x3b9e5
 .debug_macro   0x0000000000000000      0x3a6 ./Core/Src/main.o
 .debug_macro   0x00000000000003a6      0xac0 ./Core/Src/main.o
 .debug_macro   0x0000000000000e66      0x268 ./Core/Src/main.o
 .debug_macro   0x00000000000010ce       0x2e ./Core/Src/main.o
 .debug_macro   0x00000000000010fc       0x42 ./Core/Src/main.o
 .debug_macro   0x000000000000113e       0x22 ./Core/Src/main.o
 .debug_macro   0x0000000000001160       0x8e ./Core/Src/main.o
 .debug_macro   0x00000000000011ee       0x51 ./Core/Src/main.o
 .debug_macro   0x000000000000123f      0x103 ./Core/Src/main.o
 .debug_macro   0x0000000000001342       0x6a ./Core/Src/main.o
 .debug_macro   0x00000000000013ac      0x1df ./Core/Src/main.o
 .debug_macro   0x000000000000158b       0x1c ./Core/Src/main.o
 .debug_macro   0x00000000000015a7       0x22 ./Core/Src/main.o
 .debug_macro   0x00000000000015c9      0x101 ./Core/Src/main.o
 .debug_macro   0x00000000000016ca     0x1305 ./Core/Src/main.o
 .debug_macro   0x00000000000029cf      0x11f ./Core/Src/main.o
 .debug_macro   0x0000000000002aee       0x27 ./Core/Src/main.o
 .debug_macro   0x0000000000002b15    0x21c2a ./Core/Src/main.o
 .debug_macro   0x000000000002473f       0x6d ./Core/Src/main.o
 .debug_macro   0x00000000000247ac     0x3d09 ./Core/Src/main.o
 .debug_macro   0x00000000000284b5      0x174 ./Core/Src/main.o
 .debug_macro   0x0000000000028629       0x52 ./Core/Src/main.o
 .debug_macro   0x000000000002867b       0x17 ./Core/Src/main.o
 .debug_macro   0x0000000000028692       0x3c ./Core/Src/main.o
 .debug_macro   0x00000000000286ce       0x34 ./Core/Src/main.o
 .debug_macro   0x0000000000028702       0x16 ./Core/Src/main.o
 .debug_macro   0x0000000000028718       0x43 ./Core/Src/main.o
 .debug_macro   0x000000000002875b       0x34 ./Core/Src/main.o
 .debug_macro   0x000000000002878f       0x10 ./Core/Src/main.o
 .debug_macro   0x000000000002879f       0x58 ./Core/Src/main.o
 .debug_macro   0x00000000000287f7       0x71 ./Core/Src/main.o
 .debug_macro   0x0000000000028868       0x1c ./Core/Src/main.o
 .debug_macro   0x0000000000028884      0x12a ./Core/Src/main.o
 .debug_macro   0x00000000000289ae      0x333 ./Core/Src/main.o
 .debug_macro   0x0000000000028ce1      0x1a9 ./Core/Src/main.o
 .debug_macro   0x0000000000028e8a       0x5d ./Core/Src/main.o
 .debug_macro   0x0000000000028ee7     0x257a ./Core/Src/main.o
 .debug_macro   0x000000000002b461     0x104f ./Core/Src/main.o
 .debug_macro   0x000000000002c4b0      0x14d ./Core/Src/main.o
 .debug_macro   0x000000000002c5fd      0x114 ./Core/Src/main.o
 .debug_macro   0x000000000002c711      0x3f8 ./Core/Src/main.o
 .debug_macro   0x000000000002cb09       0xac ./Core/Src/main.o
 .debug_macro   0x000000000002cbb5      0x788 ./Core/Src/main.o
 .debug_macro   0x000000000002d33d      0x228 ./Core/Src/main.o
 .debug_macro   0x000000000002d565       0x66 ./Core/Src/main.o
 .debug_macro   0x000000000002d5cb      0x3a6 ./Core/Src/main.o
 .debug_macro   0x000000000002d971      0xa59 ./Core/Src/main.o
 .debug_macro   0x000000000002e3ca      0x129 ./Core/Src/main.o
 .debug_macro   0x000000000002e4f3      0x3f9 ./Core/Src/main.o
 .debug_macro   0x000000000002e8ec      0x275 ./Core/Src/main.o
 .debug_macro   0x000000000002eb61     0x116a ./Core/Src/main.o
 .debug_macro   0x000000000002fccb      0x7c1 ./Core/Src/main.o
 .debug_macro   0x000000000003048c      0x398 ./Core/Src/main.o
 .debug_macro   0x0000000000030824      0xe34 ./Core/Src/main.o
 .debug_macro   0x0000000000031658      0x184 ./Core/Src/main.o
 .debug_macro   0x00000000000317dc       0xd9 ./Core/Src/main.o
 .debug_macro   0x00000000000318b5      0x3ca ./Core/Src/main.o
 .debug_macro   0x0000000000031c7f      0x45c ./Core/Src/main.o
 .debug_macro   0x00000000000320db       0x3c ./Core/Src/main.o
 .debug_macro   0x0000000000032117       0x4a ./Core/Src/main.o
 .debug_macro   0x0000000000032161      0x22c ./Core/Src/main.o
 .debug_macro   0x000000000003238d       0x67 ./Core/Src/main.o
 .debug_macro   0x00000000000323f4       0xa5 ./Core/Src/main.o
 .debug_macro   0x0000000000032499      0x198 ./Core/Src/main.o
 .debug_macro   0x0000000000032631       0xd6 ./Core/Src/main.o
 .debug_macro   0x0000000000032707      0x520 ./Core/Src/main.o
 .debug_macro   0x0000000000032c27      0x1c4 ./Core/Src/main.o
 .debug_macro   0x0000000000032deb      0x25b ./Core/Src/main.o
 .debug_macro   0x0000000000033046       0x35 ./Core/Src/main.o
 .debug_macro   0x000000000003307b      0x3ad ./Core/Src/main.o
 .debug_macro   0x0000000000033428       0x10 ./Core/Src/main.o
 .debug_macro   0x0000000000033438       0xe4 ./Core/Src/main.o
 .debug_macro   0x000000000003351c      0x81b ./Core/Src/main.o
 .debug_macro   0x0000000000033d37       0x16 ./Core/Src/main.o
 .debug_macro   0x0000000000033d4d      0x1ce ./Core/Src/main.o
 .debug_macro   0x0000000000033f1b      0xb01 ./Core/Src/main.o
 .debug_macro   0x0000000000034a1c      0x29f ./Core/Src/main.o
 .debug_macro   0x0000000000034cbb      0x67e ./Core/Src/main.o
 .debug_macro   0x0000000000035339       0xa6 ./Core/Src/main.o
 .debug_macro   0x00000000000353df      0x5e6 ./Core/Src/main.o
 .debug_macro   0x00000000000359c5      0x6c2 ./Core/Src/main.o
 .debug_macro   0x0000000000036087       0x16 ./Core/Src/main.o
 .debug_macro   0x000000000003609d       0x35 ./Core/Src/main.o
 .debug_macro   0x00000000000360d2       0x20 ./Core/Src/main.o
 .debug_macro   0x00000000000360f2      0x376 ./Core/Src/stm32h7xx_hal_msp.o
 .debug_macro   0x0000000000036468      0x380 ./Core/Src/stm32h7xx_it.o
 .debug_macro   0x00000000000367e8      0x367 ./Core/Src/system_stm32h7xx.o
 .debug_macro   0x0000000000036b4f      0x391 ./Drivers/STM32H7xx_HAL_Driver/Src/stm32h7xx_hal.o
 .debug_macro   0x0000000000036ee0      0x392 ./Drivers/STM32H7xx_HAL_Driver/Src/stm32h7xx_hal_adc.o
 .debug_macro   0x0000000000037272      0x373 ./Drivers/STM32H7xx_HAL_Driver/Src/stm32h7xx_hal_adc_ex.o
 .debug_macro   0x00000000000375e5      0x367 ./Drivers/STM32H7xx_HAL_Driver/Src/stm32h7xx_hal_cortex.o
 .debug_macro   0x000000000003794c      0x36f ./Drivers/STM32H7xx_HAL_Driver/Src/stm32h7xx_hal_dac.o
 .debug_macro   0x0000000000037cbb      0x3f4 ./Drivers/STM32H7xx_HAL_Driver/Src/stm32h7xx_hal_eth.o
 .debug_macro   0x00000000000380af      0x42c ./Drivers/STM32H7xx_HAL_Driver/Src/stm32h7xx_hal_fdcan.o
 .debug_macro   0x00000000000384db      0x36e ./Drivers/STM32H7xx_HAL_Driver/Src/stm32h7xx_hal_gpio.o
 .debug_macro   0x0000000000038849      0x433 ./Drivers/STM32H7xx_HAL_Driver/Src/stm32h7xx_hal_i2c.o
 .debug_macro   0x0000000000038c7c      0x367 ./Drivers/STM32H7xx_HAL_Driver/Src/stm32h7xx_hal_i2c_ex.o
 .debug_macro   0x0000000000038fe3      0x368 ./Drivers/STM32H7xx_HAL_Driver/Src/stm32h7xx_hal_ltdc.o
 .debug_macro   0x000000000003934b      0x3ae ./Drivers/STM32H7xx_HAL_Driver/Src/stm32h7xx_hal_ospi.o
 .debug_macro   0x00000000000396f9      0x3a0 ./Drivers/STM32H7xx_HAL_Driver/Src/stm32h7xx_hal_pwr_ex.o
 .debug_macro   0x0000000000039a99      0x38b ./Drivers/STM32H7xx_HAL_Driver/Src/stm32h7xx_hal_rcc.o
 .debug_macro   0x0000000000039e24      0x385 ./Drivers/STM32H7xx_HAL_Driver/Src/stm32h7xx_hal_rcc_ex.o
 .debug_macro   0x000000000003a1a9      0x376 ./Drivers/STM32H7xx_HAL_Driver/Src/stm32h7xx_hal_sai.o
 .debug_macro   0x000000000003a51f      0x384 ./Drivers/STM32H7xx_HAL_Driver/Src/stm32h7xx_hal_sd.o
 .debug_macro   0x000000000003a8a3      0x368 ./Drivers/STM32H7xx_HAL_Driver/Src/stm32h7xx_hal_tim.o
 .debug_macro   0x000000000003ac0b      0x36d ./Drivers/STM32H7xx_HAL_Driver/Src/stm32h7xx_hal_tim_ex.o
 .debug_macro   0x000000000003af78      0x392 ./Drivers/STM32H7xx_HAL_Driver/Src/stm32h7xx_hal_uart.o
 .debug_macro   0x000000000003b30a      0x373 ./Drivers/STM32H7xx_HAL_Driver/Src/stm32h7xx_hal_uart_ex.o
 .debug_macro   0x000000000003b67d      0x368 ./Drivers/STM32H7xx_HAL_Driver/Src/stm32h7xx_ll_sdmmc.o

.debug_line     0x0000000000000000    0x2cc2e
 .debug_line    0x0000000000000000     0x1376 ./Core/Src/main.o
 .debug_line    0x0000000000001376     0x11bc ./Core/Src/stm32h7xx_hal_msp.o
 .debug_line    0x0000000000002532      0xaaf ./Core/Src/stm32h7xx_it.o
 .debug_line    0x0000000000002fe1      0xb94 ./Core/Src/system_stm32h7xx.o
 .debug_line    0x0000000000003b75       0x88 ./Core/Startup/startup_stm32h735igkx.o
 .debug_line    0x0000000000003bfd     0x102b ./Drivers/STM32H7xx_HAL_Driver/Src/stm32h7xx_hal.o
 .debug_line    0x0000000000004c28     0x28ce ./Drivers/STM32H7xx_HAL_Driver/Src/stm32h7xx_hal_adc.o
 .debug_line    0x00000000000074f6     0x236e ./Drivers/STM32H7xx_HAL_Driver/Src/stm32h7xx_hal_adc_ex.o
 .debug_line    0x0000000000009864      0xfa0 ./Drivers/STM32H7xx_HAL_Driver/Src/stm32h7xx_hal_cortex.o
 .debug_line    0x000000000000a804      0xeb7 ./Drivers/STM32H7xx_HAL_Driver/Src/stm32h7xx_hal_dac.o
 .debug_line    0x000000000000b6bb     0x1dab ./Drivers/STM32H7xx_HAL_Driver/Src/stm32h7xx_hal_eth.o
 .debug_line    0x000000000000d466     0x28e3 ./Drivers/STM32H7xx_HAL_Driver/Src/stm32h7xx_hal_fdcan.o
 .debug_line    0x000000000000fd49      0xe49 ./Drivers/STM32H7xx_HAL_Driver/Src/stm32h7xx_hal_gpio.o
 .debug_line    0x0000000000010b92     0x39b0 ./Drivers/STM32H7xx_HAL_Driver/Src/stm32h7xx_hal_i2c.o
 .debug_line    0x0000000000014542      0xc0a ./Drivers/STM32H7xx_HAL_Driver/Src/stm32h7xx_hal_i2c_ex.o
 .debug_line    0x000000000001514c     0x19e7 ./Drivers/STM32H7xx_HAL_Driver/Src/stm32h7xx_hal_ltdc.o
 .debug_line    0x0000000000016b33     0x1a47 ./Drivers/STM32H7xx_HAL_Driver/Src/stm32h7xx_hal_ospi.o
 .debug_line    0x000000000001857a     0x103a ./Drivers/STM32H7xx_HAL_Driver/Src/stm32h7xx_hal_pwr_ex.o
 .debug_line    0x00000000000195b4     0x146b ./Drivers/STM32H7xx_HAL_Driver/Src/stm32h7xx_hal_rcc.o
 .debug_line    0x000000000001aa1f     0x1bd9 ./Drivers/STM32H7xx_HAL_Driver/Src/stm32h7xx_hal_rcc_ex.o
 .debug_line    0x000000000001c5f8     0x1f64 ./Drivers/STM32H7xx_HAL_Driver/Src/stm32h7xx_hal_sai.o
 .debug_line    0x000000000001e55c     0x21a6 ./Drivers/STM32H7xx_HAL_Driver/Src/stm32h7xx_hal_sd.o
 .debug_line    0x0000000000020702     0x40e4 ./Drivers/STM32H7xx_HAL_Driver/Src/stm32h7xx_hal_tim.o
 .debug_line    0x00000000000247e6     0x209d ./Drivers/STM32H7xx_HAL_Driver/Src/stm32h7xx_hal_tim_ex.o
 .debug_line    0x0000000000026883     0x4064 ./Drivers/STM32H7xx_HAL_Driver/Src/stm32h7xx_hal_uart.o
 .debug_line    0x000000000002a8e7     0x1078 ./Drivers/STM32H7xx_HAL_Driver/Src/stm32h7xx_hal_uart_ex.o
 .debug_line    0x000000000002b95f     0x12cf ./Drivers/STM32H7xx_HAL_Driver/Src/stm32h7xx_ll_sdmmc.o

.debug_str      0x0000000000000000   0x189a6f
 .debug_str     0x0000000000000000   0x17e39a ./Core/Src/main.o
                                     0x17ef00 (size before relaxing)
 .debug_str     0x000000000017e39a      0x258 ./Core/Src/stm32h7xx_hal_msp.o
                                     0x17e7d6 (size before relaxing)
 .debug_str     0x000000000017e5f2       0xbd ./Core/Src/stm32h7xx_it.o
                                     0x17ba93 (size before relaxing)
 .debug_str     0x000000000017e6af      0x26b ./Core/Src/system_stm32h7xx.o
                                     0x17a5ac (size before relaxing)
 .debug_str     0x000000000017e91a       0x36 ./Core/Startup/startup_stm32h735igkx.o
                                         0x64 (size before relaxing)
 .debug_str     0x000000000017e950     0x104b ./Drivers/STM32H7xx_HAL_Driver/Src/stm32h7xx_hal.o
                                     0x17b577 (size before relaxing)
 .debug_str     0x000000000017f99b      0xbc4 ./Drivers/STM32H7xx_HAL_Driver/Src/stm32h7xx_hal_adc.o
                                     0x17b504 (size before relaxing)
 .debug_str     0x000000000018055f      0x8ac ./Drivers/STM32H7xx_HAL_Driver/Src/stm32h7xx_hal_adc_ex.o
                                     0x17b4bf (size before relaxing)
 .debug_str     0x0000000000180e0b      0x398 ./Drivers/STM32H7xx_HAL_Driver/Src/stm32h7xx_hal_cortex.o
                                     0x17af5e (size before relaxing)
 .debug_str     0x00000000001811a3      0x1e6 ./Drivers/STM32H7xx_HAL_Driver/Src/stm32h7xx_hal_dac.o
                                     0x17a85c (size before relaxing)
 .debug_str     0x0000000000181389     0x1023 ./Drivers/STM32H7xx_HAL_Driver/Src/stm32h7xx_hal_eth.o
                                     0x17bd2d (size before relaxing)
 .debug_str     0x00000000001823ac     0x1b7d ./Drivers/STM32H7xx_HAL_Driver/Src/stm32h7xx_hal_fdcan.o
                                     0x17c2d2 (size before relaxing)
 .debug_str     0x0000000000183f29      0x12a ./Drivers/STM32H7xx_HAL_Driver/Src/stm32h7xx_hal_gpio.o
                                     0x17a624 (size before relaxing)
 .debug_str     0x0000000000184053      0xddc ./Drivers/STM32H7xx_HAL_Driver/Src/stm32h7xx_hal_i2c.o
                                     0x17b5ee (size before relaxing)
 .debug_str     0x0000000000184e2f       0xb8 ./Drivers/STM32H7xx_HAL_Driver/Src/stm32h7xx_hal_i2c_ex.o
                                     0x17aa34 (size before relaxing)
 .debug_str     0x0000000000184ee7      0x48b ./Drivers/STM32H7xx_HAL_Driver/Src/stm32h7xx_hal_ltdc.o
                                     0x17a8c1 (size before relaxing)
 .debug_str     0x0000000000185372      0x81e ./Drivers/STM32H7xx_HAL_Driver/Src/stm32h7xx_hal_ospi.o
                                     0x17afec (size before relaxing)
 .debug_str     0x0000000000185b90      0x5d3 ./Drivers/STM32H7xx_HAL_Driver/Src/stm32h7xx_hal_pwr_ex.o
                                     0x17aa0e (size before relaxing)
 .debug_str     0x0000000000186163      0x26c ./Drivers/STM32H7xx_HAL_Driver/Src/stm32h7xx_hal_rcc.o
                                     0x17a934 (size before relaxing)
 .debug_str     0x00000000001863cf      0x653 ./Drivers/STM32H7xx_HAL_Driver/Src/stm32h7xx_hal_rcc_ex.o
                                     0x17ae24 (size before relaxing)
 .debug_str     0x0000000000186a22      0x431 ./Drivers/STM32H7xx_HAL_Driver/Src/stm32h7xx_hal_sai.o
                                     0x17abb1 (size before relaxing)
 .debug_str     0x0000000000186e53      0x78f ./Drivers/STM32H7xx_HAL_Driver/Src/stm32h7xx_hal_sd.o
                                     0x17ad05 (size before relaxing)
 .debug_str     0x00000000001875e2      0xdd6 ./Drivers/STM32H7xx_HAL_Driver/Src/stm32h7xx_hal_tim.o
                                     0x17b6bc (size before relaxing)
 .debug_str     0x00000000001883b8      0x595 ./Drivers/STM32H7xx_HAL_Driver/Src/stm32h7xx_hal_tim_ex.o
                                     0x17b01b (size before relaxing)
 .debug_str     0x000000000018894d      0x994 ./Drivers/STM32H7xx_HAL_Driver/Src/stm32h7xx_hal_uart.o
                                     0x17b3a2 (size before relaxing)
 .debug_str     0x00000000001892e1      0x2d4 ./Drivers/STM32H7xx_HAL_Driver/Src/stm32h7xx_hal_uart_ex.o
                                     0x17a9ca (size before relaxing)