main.c:137:5:main	8	static
main.c:202:6:SystemClock_Config	120	static
main.c:261:6:PeriphCommonClock_Config	192	static
main.c:288:13:MX_ADC1_Init	56	static
main.c:353:13:MX_ADC2_Init	48	static
main.c:410:13:MX_ADC3_Init	48	static
main.c:471:13:MX_DAC1_Init	48	static
main.c:512:13:MX_ETH_Init	8	static
main.c:561:13:MX_FDCAN1_Init	8	static
main.c:614:13:MX_FDCAN2_Init	8	static
main.c:667:13:MX_I2C4_Init	8	static
main.c:713:13:MX_LTDC_Init	112	static
main.c:795:13:MX_OCTOSPI1_Init	32	static
main.c:849:13:MX_OCTOSPI2_Init	48	static
main.c:912:13:MX_SAI1_Init	8	static
main.c:993:13:MX_SDMMC1_SD_Init	8	static
main.c:1024:13:MX_TIM1_Init	104	static
main.c:1093:13:MX_TIM4_Init	48	static
main.c:1150:13:MX_TIM5_Init	48	static
main.c:1199:13:MX_USART1_UART_Init	8	static
main.c:1247:13:MX_USART3_UART_Init	8	static
main.c:1295:13:MX_USB_OTG_HS_USB_Init	4	static
main.c:1316:13:MX_GPIO_Init	72	static
main.c:1479:6:Error_Handler	4	static,ignoring_inline_asm
