main.c:137:5:main	8	static
main.c:201:6:SystemClock_Config	120	static
main.c:260:6:PeriphCommonClock_Config	192	static
main.c:287:13:MX_ADC1_Init	56	static
main.c:352:13:MX_ADC2_Init	48	static
main.c:409:13:MX_ADC3_Init	48	static
main.c:470:13:MX_DAC1_Init	48	static
main.c:511:13:MX_ETH_Init	8	static
main.c:560:13:MX_FDCAN1_Init	8	static
main.c:613:13:MX_FDCAN2_Init	8	static
main.c:666:13:MX_I2C4_Init	8	static
main.c:712:13:MX_LTDC_Init	112	static
main.c:794:13:MX_OCTOSPI1_Init	32	static
main.c:848:13:MX_OCTOSPI2_Init	48	static
main.c:911:13:MX_SAI1_Init	8	static
main.c:992:13:MX_SDMMC1_SD_Init	8	static
main.c:1023:13:MX_TIM1_Init	104	static
main.c:1092:13:MX_TIM4_Init	48	static
main.c:1149:13:MX_TIM5_Init	48	static
main.c:1198:13:MX_USART1_UART_Init	8	static
main.c:1246:13:MX_USART3_UART_Init	8	static
main.c:1294:13:MX_USB_OTG_HS_USB_Init	4	static
main.c:1315:13:MX_GPIO_Init	72	static
main.c:1472:6:Error_Handler	4	static,ignoring_inline_asm
